<html>
<body>
<pre>
<h1>µVision Build Log</h1>
<h2>Tool Versions:</h2>
IDE-Version: ¦ÌVision V5.35.0.0
Copyright (C) 2021 ARM Ltd and ARM Germany GmbH. All rights reserved.
License Information: Jingling Yuan, CJLU, LIC=NQQMA-1BXD2-DYHV3-A0WR1-0DQA7-BCKRI
 
Tool Versions:
Toolchain:       MDK-ARM Plus  Version: 5.35.0.2
Toolchain Path:  F:\ProgramFiles\Develop\Embedded\Keil\v5\ARM\ARMCC\Bin
C Compiler:      Armcc.exe V5.06 update 7 (build 960)
Assembler:       Armasm.exe V5.06 update 7 (build 960)
Linker/Locator:  ArmLink.exe V5.06 update 7 (build 960)
Library Manager: ArmAr.exe V5.06 update 7 (build 960)
Hex Converter:   FromElf.exe V5.06 update 7 (build 960)
CPU DLL:         SARMCM3.DLL V5.35.0.2
Dialog DLL:      DCM.DLL V1.17.3.0
Target DLL:      STLink\ST-LINKIII-KEIL_SWO.dll V3.0.9.0
Dialog DLL:      TCM.DLL V1.53.0.0
 
<h2>Project:</h2>
C:\Users\asus\Desktop\CX-CTL\MDK-ARM\CX-CTL.uvprojx
Project File Date:  08/18/2022

<h2>Output:</h2>
*** Using Compiler 'V5.06 update 7 (build 960)', folder: 'F:\ProgramFiles\Develop\Embedded\Keil\v5\ARM\ARMCC\Bin'
Build target 'CX-CTL'
compiling magneticSensor.c...
..\Bsp\Src\magneticSensor.c(305): warning:  #177-D: variable "index"  was declared but never referenced
  		unsigned short index = (unsigned short)(m->data[2]<<8)+m->data[1];
..\Bsp\Src\magneticSensor.c(306): warning:  #177-D: variable "subindex"  was declared but never referenced
  		unsigned char subindex = m->data[3];
..\Bsp\Src\magneticSensor.c: 2 warnings, 0 errors
linking...
Program Size: Code=55536 RO-data=2304 RW-data=3676 ZI-data=72044  
FromELF: creating hex file...
"CX-CTL\CX-CTL.axf" - 0 Error(s), 2 Warning(s).

<h2>Software Packages used:</h2>

Package Vendor: ARM
                http://www.keil.com/pack/ARM.CMSIS.5.8.0.pack
                ARM.CMSIS.5.8.0
                CMSIS (Common Microcontroller Software Interface Standard)
   * Component: CORE Version: 5.5.0

Package Vendor: Keil
                http://www.keil.com/pack/Keil.STM32F4xx_DFP.2.15.0.pack
                Keil.STM32F4xx_DFP.2.15.0
                STMicroelectronics STM32F4 Series Device Support, Drivers and Examples

<h2>Collection of Component include folders:</h2>
  .\RTE\_CX-CTL
  F:\ProgramFiles\Develop\Embedded\Keil\Packs\ARM\CMSIS\5.8.0\CMSIS\Core\Include
  F:\ProgramFiles\Develop\Embedded\Keil\Packs\Keil\STM32F4xx_DFP\2.15.0\Drivers\CMSIS\Device\ST\STM32F4xx\Include

<h2>Collection of Component Files used:</h2>

   * Component: ARM::CMSIS:CORE:5.5.0
      Include file:  CMSIS\Core\Include\tz_context.h
Build Time Elapsed:  00:00:02
</pre>
</body>
</html>
