Component: ARM Compiler 5.06 update 7 (build 960) Tool: armlink [4d3601]

==============================================================================

Section Cross References

    startup_stm32f407xx.o(STACK) refers (Special) to heapauxi.o(.text) for __use_two_region_memory
    startup_stm32f407xx.o(HEAP) refers (Special) to heapauxi.o(.text) for __use_two_region_memory
    startup_stm32f407xx.o(RESET) refers (Special) to heapauxi.o(.text) for __use_two_region_memory
    startup_stm32f407xx.o(RESET) refers to startup_stm32f407xx.o(STACK) for __initial_sp
    startup_stm32f407xx.o(RESET) refers to startup_stm32f407xx.o(.text) for Reset_Handler
    startup_stm32f407xx.o(RESET) refers to stm32f4xx_it.o(i.NMI_Handler) for NMI_Handler
    startup_stm32f407xx.o(RESET) refers to stm32f4xx_it.o(i.HardFault_Handler) for HardFault_Handler
    startup_stm32f407xx.o(RESET) refers to stm32f4xx_it.o(i.MemManage_Handler) for MemManage_Handler
    startup_stm32f407xx.o(RESET) refers to stm32f4xx_it.o(i.BusFault_Handler) for BusFault_Handler
    startup_stm32f407xx.o(RESET) refers to stm32f4xx_it.o(i.UsageFault_Handler) for UsageFault_Handler
    startup_stm32f407xx.o(RESET) refers to port.o(.emb_text) for SVC_Handler
    startup_stm32f407xx.o(RESET) refers to stm32f4xx_it.o(i.DebugMon_Handler) for DebugMon_Handler
    startup_stm32f407xx.o(RESET) refers to stm32f4xx_it.o(i.SysTick_Handler) for SysTick_Handler
    startup_stm32f407xx.o(RESET) refers to stm32f4xx_it.o(i.DMA1_Stream0_IRQHandler) for DMA1_Stream0_IRQHandler
    startup_stm32f407xx.o(RESET) refers to stm32f4xx_it.o(i.DMA1_Stream2_IRQHandler) for DMA1_Stream2_IRQHandler
    startup_stm32f407xx.o(RESET) refers to stm32f4xx_it.o(i.DMA1_Stream4_IRQHandler) for DMA1_Stream4_IRQHandler
    startup_stm32f407xx.o(RESET) refers to stm32f4xx_it.o(i.DMA1_Stream5_IRQHandler) for DMA1_Stream5_IRQHandler
    startup_stm32f407xx.o(RESET) refers to stm32f4xx_it.o(i.DMA1_Stream6_IRQHandler) for DMA1_Stream6_IRQHandler
    startup_stm32f407xx.o(RESET) refers to stm32f4xx_it.o(i.CAN1_RX0_IRQHandler) for CAN1_RX0_IRQHandler
    startup_stm32f407xx.o(RESET) refers to stm32f4xx_it.o(i.TIM2_IRQHandler) for TIM2_IRQHandler
    startup_stm32f407xx.o(RESET) refers to stm32f4xx_it.o(i.TIM3_IRQHandler) for TIM3_IRQHandler
    startup_stm32f407xx.o(RESET) refers to stm32f4xx_it.o(i.TIM4_IRQHandler) for TIM4_IRQHandler
    startup_stm32f407xx.o(RESET) refers to stm32f4xx_it.o(i.I2C2_EV_IRQHandler) for I2C2_EV_IRQHandler
    startup_stm32f407xx.o(RESET) refers to stm32f4xx_it.o(i.I2C2_ER_IRQHandler) for I2C2_ER_IRQHandler
    startup_stm32f407xx.o(RESET) refers to stm32f4xx_it.o(i.USART1_IRQHandler) for USART1_IRQHandler
    startup_stm32f407xx.o(RESET) refers to stm32f4xx_it.o(i.USART2_IRQHandler) for USART2_IRQHandler
    startup_stm32f407xx.o(RESET) refers to stm32f4xx_it.o(i.DMA1_Stream7_IRQHandler) for DMA1_Stream7_IRQHandler
    startup_stm32f407xx.o(RESET) refers to stm32f4xx_it.o(i.TIM5_IRQHandler) for TIM5_IRQHandler
    startup_stm32f407xx.o(RESET) refers to stm32f4xx_it.o(i.UART4_IRQHandler) for UART4_IRQHandler
    startup_stm32f407xx.o(RESET) refers to stm32f4xx_it.o(i.UART5_IRQHandler) for UART5_IRQHandler
    startup_stm32f407xx.o(RESET) refers to stm32f4xx_it.o(i.DMA2_Stream1_IRQHandler) for DMA2_Stream1_IRQHandler
    startup_stm32f407xx.o(RESET) refers to stm32f4xx_it.o(i.DMA2_Stream2_IRQHandler) for DMA2_Stream2_IRQHandler
    startup_stm32f407xx.o(RESET) refers to stm32f4xx_it.o(i.DMA2_Stream6_IRQHandler) for DMA2_Stream6_IRQHandler
    startup_stm32f407xx.o(RESET) refers to stm32f4xx_it.o(i.DMA2_Stream7_IRQHandler) for DMA2_Stream7_IRQHandler
    startup_stm32f407xx.o(RESET) refers to stm32f4xx_it.o(i.USART6_IRQHandler) for USART6_IRQHandler
    startup_stm32f407xx.o(.text) refers (Special) to heapauxi.o(.text) for __use_two_region_memory
    startup_stm32f407xx.o(.text) refers to system_stm32f4xx.o(i.SystemInit) for SystemInit
    startup_stm32f407xx.o(.text) refers to __main.o(!!!main) for __main
    startup_stm32f407xx.o(.text) refers to startup_stm32f407xx.o(HEAP) for Heap_Mem
    startup_stm32f407xx.o(.text) refers to startup_stm32f407xx.o(STACK) for Stack_Mem
    main.o(i.SystemClock_Config) refers to rt_memclr_w.o(.text) for __aeabi_memclr4
    main.o(i.SystemClock_Config) refers to stm32f4xx_hal_rcc.o(i.HAL_RCC_OscConfig) for HAL_RCC_OscConfig
    main.o(i.SystemClock_Config) refers to stm32f4xx_hal_rcc.o(i.HAL_RCC_ClockConfig) for HAL_RCC_ClockConfig
    main.o(i.main) refers to stm32f4xx_hal.o(i.HAL_Init) for HAL_Init
    main.o(i.main) refers to main.o(i.SystemClock_Config) for SystemClock_Config
    main.o(i.main) refers to gpio.o(i.MX_GPIO_Init) for MX_GPIO_Init
    main.o(i.main) refers to dma.o(i.MX_DMA_Init) for MX_DMA_Init
    main.o(i.main) refers to can.o(i.MX_CAN1_Init) for MX_CAN1_Init
    main.o(i.main) refers to i2c.o(i.MX_I2C2_Init) for MX_I2C2_Init
    main.o(i.main) refers to tim.o(i.MX_TIM2_Init) for MX_TIM2_Init
[...]
    0x0800026a   0x0800026a   0x00000006   Code   RO         8204    .ARM.Collect$$_printf_percent$$00000008  c_w.l(_printf_i.o)
    0x08000270   0x08000270   0x00000006   Code   RO         8205    .ARM.Collect$$_printf_percent$$00000009  c_w.l(_printf_d.o)
    0x08000276   0x08000276   0x00000006   Code   RO         8206    .ARM.Collect$$_printf_percent$$0000000A  c_w.l(_printf_u.o)
    0x0800027c   0x0800027c   0x00000006   Code   RO         8203    .ARM.Collect$$_printf_percent$$0000000B  c_w.l(_printf_o.o)
    0x08000282   0x08000282   0x00000006   Code   RO         8201    .ARM.Collect$$_printf_percent$$0000000C  c_w.l(_printf_x.o)
    0x08000288   0x08000288   0x00000006   Code   RO         8212    .ARM.Collect$$_printf_percent$$0000000D  c_w.l(_printf_lli.o)
    0x0800028e   0x0800028e   0x00000006   Code   RO         8213    .ARM.Collect$$_printf_percent$$0000000E  c_w.l(_printf_lld.o)
    0x08000294   0x08000294   0x00000006   Code   RO         8214    .ARM.Collect$$_printf_percent$$0000000F  c_w.l(_printf_llu.o)
    0x0800029a   0x0800029a   0x00000006   Code   RO         8219    .ARM.Collect$$_printf_percent$$00000010  c_w.l(_printf_llo.o)
    0x080002a0   0x080002a0   0x00000006   Code   RO         8220    .ARM.Collect$$_printf_percent$$00000011  c_w.l(_printf_llx.o)
    0x080002a6   0x080002a6   0x0000000a   Code   RO         8216    .ARM.Collect$$_printf_percent$$00000012  c_w.l(_printf_l.o)
    0x080002b0   0x080002b0   0x00000006   Code   RO         8199    .ARM.Collect$$_printf_percent$$00000013  c_w.l(_printf_c.o)
    0x080002b6   0x080002b6   0x00000006   Code   RO         8094    .ARM.Collect$$_printf_percent$$00000014  c_w.l(_printf_s.o)
    0x080002bc   0x080002bc   0x00000006   Code   RO         8217    .ARM.Collect$$_printf_percent$$00000015  c_w.l(_printf_lc.o)
    0x080002c2   0x080002c2   0x00000006   Code   RO         8218    .ARM.Collect$$_printf_percent$$00000016  c_w.l(_printf_ls.o)
    0x080002c8   0x080002c8   0x00000004   Code   RO         8211    .ARM.Collect$$_printf_percent$$00000017  c_w.l(_printf_percent_end.o)
    0x080002cc   0x080002cc   0x00000002   Code   RO         8328    .ARM.Collect$$libinit$$00000000  c_w.l(libinit.o)
    0x080002ce   0x080002ce   0x00000004   Code   RO         8349    .ARM.Collect$$libinit$$00000001  c_w.l(libinit2.o)
    0x080002d2   0x080002d2   0x00000000   Code   RO         8352    .ARM.Collect$$libinit$$00000004  c_w.l(libinit2.o)
    0x080002d2   0x080002d2   0x00000000   Code   RO         8355    .ARM.Collect$$libinit$$0000000A  c_w.l(libinit2.o)
    0x080002d2   0x080002d2   0x00000000   Code   RO         8357    .ARM.Collect$$libinit$$0000000C  c_w.l(libinit2.o)
    0x080002d2   0x080002d2   0x00000000   Code   RO         8359    .ARM.Collect$$libinit$$0000000E  c_w.l(libinit2.o)
    0x080002d2   0x080002d2   0x00000006   Code   RO         8360    .ARM.Collect$$libinit$$0000000F  c_w.l(libinit2.o)
    0x080002d8   0x080002d8   0x00000000   Code   RO         8362    .ARM.Collect$$libinit$$00000011  c_w.l(libinit2.o)
    0x080002d8   0x080002d8   0x0000000c   Code   RO         8363    .ARM.Collect$$libinit$$00000012  c_w.l(libinit2.o)
    0x080002e4   0x080002e4   0x00000000   Code   RO         8364    .ARM.Collect$$libinit$$00000013  c_w.l(libinit2.o)
    0x080002e4   0x080002e4   0x00000000   Code   RO         8366    .ARM.Collect$$libinit$$00000015  c_w.l(libinit2.o)
    0x080002e4   0x080002e4   0x0000000a   Code   RO         8367    .ARM.Collect$$libinit$$00000016  c_w.l(libinit2.o)
    0x080002ee   0x080002ee   0x00000000   Code   RO         8368    .ARM.Collect$$libinit$$00000017  c_w.l(libinit2.o)
    0x080002ee   0x080002ee   0x00000000   Code   RO         8370    .ARM.Collect$$libinit$$00000019  c_w.l(libinit2.o)
    0x080002ee   0x080002ee   0x00000000   Code   RO         8372    .ARM.Collect$$libinit$$0000001B  c_w.l(libinit2.o)
    0x080002ee   0x080002ee   0x00000000   Code   RO         8374    .ARM.Collect$$libinit$$0000001D  c_w.l(libinit2.o)
    0x080002ee   0x080002ee   0x00000000   Code   RO         8376    .ARM.Collect$$libinit$$0000001F  c_w.l(libinit2.o)
    0x080002ee   0x080002ee   0x00000000   Code   RO         8378    .ARM.Collect$$libinit$$00000021  c_w.l(libinit2.o)
    0x080002ee   0x080002ee   0x00000000   Code   RO         8380    .ARM.Collect$$libinit$$00000023  c_w.l(libinit2.o)
    0x080002ee   0x080002ee   0x00000000   Code   RO         8382    .ARM.Collect$$libinit$$00000025  c_w.l(libinit2.o)
    0x080002ee   0x080002ee   0x00000000   Code   RO         8386    .ARM.Collect$$libinit$$0000002C  c_w.l(libinit2.o)
    0x080002ee   0x080002ee   0x00000000   Code   RO         8388    .ARM.Collect$$libinit$$0000002E  c_w.l(libinit2.o)
    0x080002ee   0x080002ee   0x00000000   Code   RO         8390    .ARM.Collect$$libinit$$00000030  c_w.l(libinit2.o)
    0x080002ee   0x080002ee   0x00000000   Code   RO         8392    .ARM.Collect$$libinit$$00000032  c_w.l(libinit2.o)
    0x080002ee   0x080002ee   0x00000002   Code   RO         8393    .ARM.Collect$$libinit$$00000033  c_w.l(libinit2.o)
    0x080002f0   0x080002f0   0x00000002   Code   RO         8419    .ARM.Collect$$libshutdown$$00000000  c_w.l(libshutdown.o)
    0x080002f2   0x080002f2   0x00000000   Code   RO         8446    .ARM.Collect$$libshutdown$$00000002  c_w.l(libshutdown2.o)
    0x080002f2   0x080002f2   0x00000000   Code   RO         8448    .ARM.Collect$$libshutdown$$00000004  c_w.l(libshutdown2.o)
    0x080002f2   0x080002f2   0x00000000   Code   RO         8450    .ARM.Collect$$libshutdown$$00000006  c_w.l(libshutdown2.o)
    0x080002f2   0x080002f2   0x00000000   Code   RO         8453    .ARM.Collect$$libshutdown$$00000009  c_w.l(libshutdown2.o)
    0x080002f2   0x080002f2   0x00000000   Code   RO         8456    .ARM.Collect$$libshutdown$$0000000C  c_w.l(libshutdown2.o)
    0x080002f2   0x080002f2   0x00000000   Code   RO         8458    .ARM.Collect$$libshutdown$$0000000E  c_w.l(libshutdown2.o)
    0x080002f2   0x080002f2   0x00000000   Code   RO         8461    .ARM.Collect$$libshutdown$$00000011  c_w.l(libshutdown2.o)
    0x080002f2   0x080002f2   0x00000002   Code   RO         8462    .ARM.Collect$$libshutdown$$00000012  c_w.l(libshutdown2.o)
    0x080002f4   0x080002f4   0x00000000   Code   RO         8146    .ARM.Collect$$rtentry$$00000000  c_w.l(__rtentry.o)
    0x080002f4   0x080002f4   0x00000000   Code   RO         8241    .ARM.Collect$$rtentry$$00000002  c_w.l(__rtentry2.o)
    0x080002f4   0x080002f4   0x00000006   Code   RO         8253    .ARM.Collect$$rtentry$$00000004  c_w.l(__rtentry4.o)
    0x080002fa   0x080002fa   0x00000000   Code   RO         8243    .ARM.Collect$$rtentry$$00000009  c_w.l(__rtentry2.o)
    0x080002fa   0x080002fa   0x00000004   Code   RO         8244    .ARM.Collect$$rtentry$$0000000A  c_w.l(__rtentry2.o)
    0x080002fe   0x080002fe   0x00000000   Code   RO         8246    .ARM.Collect$$rtentry$$0000000C  c_w.l(__rtentry2.o)
    0x080002fe   0x080002fe   0x00000008   Code   RO         8247    .ARM.Collect$$rtentry$$0000000D  c_w.l(__rtentry2.o)
    0x08000306   0x08000306   0x00000002   Code   RO         8336    .ARM.Collect$$rtexit$$00000000  c_w.l(rtexit.o)
    0x08000308   0x08000308   0x00000000   Code   RO         8395    .ARM.Collect$$rtexit$$00000002  c_w.l(rtexit2.o)
    0x08000308   0x08000308   0x00000004   Code   RO         8396    .ARM.Collect$$rtexit$$00000003  c_w.l(rtexit2.o)
    0x0800030c   0x0800030c   0x00000006   Code   RO         8397    .ARM.Collect$$rtexit$$00000004  c_w.l(rtexit2.o)
    0x08000312   0x08000312   0x00000002   PAD
    0x08000314   0x08000314   0x000000be   Code   RO         5654    .emb_text           port.o
    0x080003d2   0x080003d2   0x00000002   PAD
    0x080003d4   0x080003d4   0x00000040   Code   RO            4    .text               startup_stm32f407xx.o
    0x08000414   0x08000414   0x00000002   Code   RO         8060    .text               c_w.l(use_no_semi_2.o)
    0x08000416   0x08000416   0x000000ee   Code   RO         8062    .text               c_w.l(lludivv7m.o)
    0x08000504   0x08000504   0x00000024   Code   RO         8064    .text               c_w.l(vsprintf.o)
    0x08000528   0x08000528   0x00000018   Code   RO         8066    .text               c_w.l(__2printf.o)
    0x08000540   0x08000540   0x00000052   Code   RO         8072    .text               c_w.l(_printf_str.o)
    0x08000592   0x08000592   0x00000002   PAD
    0x08000594   0x08000594   0x00000188   Code   RO         8091    .text               c_w.l(__printf_flags_ss_wp.o)
    0x0800071c   0x0800071c   0x00000058   Code   RO         8096    .text               c_w.l(memcmp.o)
    0x08000774   0x08000774   0x0000008a   Code   RO         8098    .text               c_w.l(rt_memcpy_v6.o)
    0x080007fe   0x080007fe   0x00000010   Code   RO         8102    .text               c_w.l(aeabi_memset.o)
    0x0800080e   0x0800080e   0x0000004e   Code   RO         8104    .text               c_w.l(rt_memclr_w.o)
    0x0800085c   0x0800085c   0x00000056   Code   RO         8106    .text               c_w.l(strncpy.o)
    0x080008b2   0x080008b2   0x00000006   Code   RO         8108    .text               c_w.l(heapauxi.o)
    0x080008b8   0x080008b8   0x00000002   Code   RO         8144    .text               c_w.l(use_no_semi.o)
    0x080008ba   0x080008ba   0x0000004e   Code   RO         8151    .text               c_w.l(_printf_pad.o)
    0x08000908   0x08000908   0x00000024   Code   RO         8153    .text               c_w.l(_printf_truncate.o)
    0x0800092c   0x0800092c   0x00000078   Code   RO         8155    .text               c_w.l(_printf_dec.o)
    0x080009a4   0x080009a4   0x00000028   Code   RO         8157    .text               c_w.l(_printf_charcount.o)
    0x080009cc   0x080009cc   0x00000030   Code   RO         8159    .text               c_w.l(_printf_char_common.o)
    0x080009fc   0x080009fc   0x0000000a   Code   RO         8161    .text               c_w.l(_sputc.o)
    0x08000a06   0x08000a06   0x0000002c   Code   RO         8163    .text               c_w.l(_printf_char.o)
    0x08000a32   0x08000a32   0x00000002   PAD
    0x08000a34   0x08000a34   0x00000024   Code   RO         8165    .text               c_w.l(_printf_char_file.o)
    0x08000a58   0x08000a58   0x000000bc   Code   RO         8167    .text               c_w.l(_printf_wctomb.o)
    0x08000b14   0x08000b14   0x0000007c   Code   RO         8170    .text               c_w.l(_printf_longlong_dec.o)
    0x08000b90   0x08000b90   0x00000070   Code   RO         8176    .text               c_w.l(_printf_oct_int_ll.o)
    0x08000c00   0x08000c00   0x00000094   Code   RO         8196    .text               c_w.l(_printf_hex_int_ll_ptr.o)
    0x08000c94   0x08000c94   0x00000064   Code   RO         8221    .text               c_w.l(rt_memcpy_w.o)
    0x08000cf8   0x08000cf8   0x00000044   Code   RO         8223    .text               c_w.l(rt_memclr.o)
    0x08000d3c   0x08000d3c   0x0000008a   Code   RO         8257    .text               c_w.l(lludiv10.o)
    0x08000dc6   0x08000dc6   0x000000b2   Code   RO         8259    .text               c_w.l(_printf_intcommon.o)
    0x08000e78   0x08000e78   0x0000041e   Code   RO         8261    .text               c_w.l(_printf_fp_dec.o)
    0x08001296   0x08001296   0x00000002   PAD
    0x08001298   0x08001298   0x000002fc   Code   RO         8263    .text               c_w.l(_printf_fp_hex.o)
    0x08001594   0x08001594   0x0000002c   Code   RO         8268    .text               c_w.l(_printf_wchar.o)
    0x080015c0   0x080015c0   0x00000008   Code   RO         8270    .text               c_w.l(ferror.o)
    0x080015c8   0x080015c8   0x00000040   Code   RO         8274    .text               c_w.l(_wcrtomb.o)
    0x08001608   0x08001608   0x0000004a   Code   RO         8278    .text               c_w.l(sys_stackheap_outer.o)
    0x08001652   0x08001652   0x00000002   PAD
    0x08001654   0x08001654   0x00000010   Code   RO         8280    .text               c_w.l(rt_ctype_table.o)
    0x08001664   0x08001664   0x00000008   Code   RO         8285    .text               c_w.l(rt_locale_intlibspace.o)
    0x0800166c   0x0800166c   0x00000080   Code   RO         8287    .text               c_w.l(_printf_fp_infnan.o)
    0x080016ec   0x080016ec   0x000000e4   Code   RO         8289    .text               c_w.l(bigflt0.o)
    0x080017d0   0x080017d0   0x00000012   Code   RO         8317    .text               c_w.l(exit.o)
    0x080017e2   0x080017e2   0x00000002   PAD
    0x080017e4   0x080017e4   0x00000008   Code   RO         8333    .text               c_w.l(libspace.o)
    0x080017ec   0x080017ec   0x00000080   Code   RO         8347    .text               c_w.l(strcmpv7m.o)
    0x0800186c   0x0800186c   0x0000003e   Code   RO         8292    CL$$btod_d2e        c_w.l(btod.o)
    0x080018aa   0x080018aa   0x00000046   Code   RO         8294    CL$$btod_d2e_denorm_low  c_w.l(btod.o)
    0x080018f0   0x080018f0   0x00000060   Code   RO         8293    CL$$btod_d2e_norm_op1  c_w.l(btod.o)
    0x08001950   0x08001950   0x00000338   Code   RO         8302    CL$$btod_div_common  c_w.l(btod.o)
    0x08001c88   0x08001c88   0x000000dc   Code   RO         8299    CL$$btod_e2e        c_w.l(btod.o)
    0x08001d64   0x08001d64   0x0000002a   Code   RO         8296    CL$$btod_ediv       c_w.l(btod.o)
    0x08001d8e   0x08001d8e   0x0000002a   Code   RO         8295    CL$$btod_emul       c_w.l(btod.o)
    0x08001db8   0x08001db8   0x00000244   Code   RO         8301    CL$$btod_mult_common  c_w.l(btod.o)
    0x08001ffc   0x08001ffc   0x00000002   Code   RO          572    i.BusFault_Handler  stm32f4xx_it.o
    0x08001ffe   0x08001ffe   0x00000002   PAD
    0x08002000   0x08002000   0x0000000c   Code   RO          573    i.CAN1_RX0_IRQHandler  stm32f4xx_it.o
    0x0800200c   0x0800200c   0x0000000c   Code   RO         7382    i.CANOpen_MasterSYNC  canopen.o
    0x08002018   0x08002018   0x00000072   Code   RO         7383    i.CANOpen_MasterWriteOD2Message  canopen.o
    0x0800208a   0x0800208a   0x00000010   Code   RO         7384    i.CANOpen_NMTManagement  canopen.o
    0x0800209a   0x0800209a   0x00000002   PAD
    0x0800209c   0x0800209c   0x000002d4   Code   RO         7385    i.CANOpen_initSTDOD  canopen.o
    0x08002370   0x08002370   0x000000b4   Code   RO         5891    i.CAN_Filter_Init   canfestival_can_stm32_freertos.o
    0x08002424   0x08002424   0x0000002c   Code   RO         6370    i.ConsumerHeartbeatAlarm  lifegrd.o
    0x08002450   0x08002450   0x000000a0   Code   RO         6777    i.CopyBits          pdo.o
    0x080024f0   0x080024f0   0x0000000c   Code   RO          574    i.DMA1_Stream0_IRQHandler  stm32f4xx_it.o
    0x080024fc   0x080024fc   0x0000000c   Code   RO          575    i.DMA1_Stream2_IRQHandler  stm32f4xx_it.o
    0x08002508   0x08002508   0x0000000c   Code   RO          576    i.DMA1_Stream4_IRQHandler  stm32f4xx_it.o
    0x08002514   0x08002514   0x0000000c   Code   RO          577    i.DMA1_Stream5_IRQHandler  stm32f4xx_it.o
    0x08002520   0x08002520   0x0000000c   Code   RO          578    i.DMA1_Stream6_IRQHandler  stm32f4xx_it.o
    0x0800252c   0x0800252c   0x0000000c   Code   RO          579    i.DMA1_Stream7_IRQHandler  stm32f4xx_it.o
    0x08002538   0x08002538   0x0000000c   Code   RO          580    i.DMA2_Stream1_IRQHandler  stm32f4xx_it.o
    0x08002544   0x08002544   0x0000000c   Code   RO          581    i.DMA2_Stream2_IRQHandler  stm32f4xx_it.o
    0x08002550   0x08002550   0x0000000c   Code   RO          582    i.DMA2_Stream6_IRQHandler  stm32f4xx_it.o
    0x0800255c   0x0800255c   0x0000000c   Code   RO          583    i.DMA2_Stream7_IRQHandler  stm32f4xx_it.o
    0x08002568   0x08002568   0x00000028   Code   RO         1491    i.DMA_CalcBaseAndBitshift  stm32f4xx_hal_dma.o
    0x08002590   0x08002590   0x00000054   Code   RO         1492    i.DMA_CheckFifoParam  stm32f4xx_hal_dma.o
    0x080025e4   0x080025e4   0x00000028   Code   RO         1493    i.DMA_SetConfig     stm32f4xx_hal_dma.o
    0x0800260c   0x0800260c   0x00000002   Code   RO          584    i.DebugMon_Handler  stm32f4xx_it.o
    0x0800260e   0x0800260e   0x00000002   PAD
    0x08002610   0x08002610   0x00000028   Code   RO         7472    i.DebugSerial_analysisMessage  debugserial.o
    0x08002638   0x08002638   0x0000003c   Code   RO         7473    i.DebugSerial_printf  debugserial.o
    0x08002674   0x08002674   0x0000002c   Code   RO         7337    i.DelAlarm          timer.o
    0x080026a0   0x080026a0   0x00000004   Code   RO           13    i.Error_Handler     main.o
    0x080026a4   0x080026a4   0x00000062   Code   RO         6371    i.GuardTimeAlarm    lifegrd.o
    0x08002706   0x08002706   0x00000024   Code   RO          799    i.HAL_CAN_ActivateNotification  stm32f4xx_hal_can.o
    0x0800272a   0x0800272a   0x000000dc   Code   RO          800    i.HAL_CAN_AddTxMessage  stm32f4xx_hal_can.o
    0x08002806   0x08002806   0x00000002   PAD
    0x08002808   0x08002808   0x0000010c   Code   RO          801    i.HAL_CAN_ConfigFilter  stm32f4xx_hal_can.o
    0x08002914   0x08002914   0x00000002   Code   RO          804    i.HAL_CAN_ErrorCallback  stm32f4xx_hal_can.o
    0x08002916   0x08002916   0x000000e8   Code   RO          807    i.HAL_CAN_GetRxMessage  stm32f4xx_hal_can.o
    0x080029fe   0x080029fe   0x000001fc   Code   RO          811    i.HAL_CAN_IRQHandler  stm32f4xx_hal_can.o
    0x08002bfa   0x08002bfa   0x0000011a   Code   RO          812    i.HAL_CAN_Init      stm32f4xx_hal_can.o
    0x08002d14   0x08002d14   0x00000078   Code   RO          321    i.HAL_CAN_MspInit   can.o
    0x08002d8c   0x08002d8c   0x00000002   Code   RO          819    i.HAL_CAN_RxFifo0FullCallback  stm32f4xx_hal_can.o
    0x08002d8e   0x08002d8e   0x00000002   PAD
    0x08002d90   0x08002d90   0x0000005c   Code   RO         5892    i.HAL_CAN_RxFifo0MsgPendingCallback  canfestival_can_stm32_freertos.o
    0x08002dec   0x08002dec   0x00000002   Code   RO          821    i.HAL_CAN_RxFifo1FullCallback  stm32f4xx_hal_can.o
    0x08002dee   0x08002dee   0x00000002   Code   RO          822    i.HAL_CAN_RxFifo1MsgPendingCallback  stm32f4xx_hal_can.o
    0x08002df0   0x08002df0   0x00000002   Code   RO          823    i.HAL_CAN_SleepCallback  stm32f4xx_hal_can.o
    0x08002df2   0x08002df2   0x00000002   PAD
    0x08002df4   0x08002df4   0x00000058   Code   RO          824    i.HAL_CAN_Start     stm32f4xx_hal_can.o
    0x08002e4c   0x08002e4c   0x00000002   Code   RO          826    i.HAL_CAN_TxMailbox0AbortCallback  stm32f4xx_hal_can.o
    0x08002e4e   0x08002e4e   0x00000002   Code   RO          827    i.HAL_CAN_TxMailbox0CompleteCallback  stm32f4xx_hal_can.o
    0x08002e50   0x08002e50   0x00000002   Code   RO          828    i.HAL_CAN_TxMailbox1AbortCallback  stm32f4xx_hal_can.o
    0x08002e52   0x08002e52   0x00000002   Code   RO          829    i.HAL_CAN_TxMailbox1CompleteCallback  stm32f4xx_hal_can.o
    0x08002e54   0x08002e54   0x00000002   Code   RO          830    i.HAL_CAN_TxMailbox2AbortCallback  stm32f4xx_hal_can.o
    0x08002e56   0x08002e56   0x00000002   Code   RO          831    i.HAL_CAN_TxMailbox2CompleteCallback  stm32f4xx_hal_can.o
    0x08002e58   0x08002e58   0x00000002   Code   RO          833    i.HAL_CAN_WakeUpFromRxMsgCallback  stm32f4xx_hal_can.o
    0x08002e5a   0x08002e5a   0x00000092   Code   RO         1494    i.HAL_DMA_Abort     stm32f4xx_hal_dma.o
    0x08002eec   0x08002eec   0x00000024   Code   RO         1495    i.HAL_DMA_Abort_IT  stm32f4xx_hal_dma.o
    0x08002f10   0x08002f10   0x00000006   Code   RO         1498    i.HAL_DMA_GetState  stm32f4xx_hal_dma.o
    0x08002f16   0x08002f16   0x00000002   PAD
    0x08002f18   0x08002f18   0x000001a0   Code   RO         1499    i.HAL_DMA_IRQHandler  stm32f4xx_hal_dma.o
    0x080030b8   0x080030b8   0x000000d4   Code   RO         1500    i.HAL_DMA_Init      stm32f4xx_hal_dma.o
    0x0800318c   0x0800318c   0x0000006e   Code   RO         1504    i.HAL_DMA_Start_IT  stm32f4xx_hal_dma.o
    0x080031fa   0x080031fa   0x00000002   PAD
    0x080031fc   0x080031fc   0x000001f0   Code   RO         1387    i.HAL_GPIO_Init     stm32f4xx_hal_gpio.o
    0x080033ec   0x080033ec   0x00000010   Code   RO         1390    i.HAL_GPIO_TogglePin  stm32f4xx_hal_gpio.o
    0x080033fc   0x080033fc   0x0000000a   Code   RO         1391    i.HAL_GPIO_WritePin  stm32f4xx_hal_gpio.o
    0x08003406   0x08003406   0x00000002   PAD
    0x08003408   0x08003408   0x0000000c   Code   RO         1919    i.HAL_GetTick       stm32f4xx_hal.o
    0x08003414   0x08003414   0x00000002   Code   RO         2164    i.HAL_I2C_AbortCpltCallback  stm32f4xx_hal_i2c.o
    0x08003416   0x08003416   0x00000002   Code   RO         2165    i.HAL_I2C_AddrCallback  stm32f4xx_hal_i2c.o
    0x08003418   0x08003418   0x000000ba   Code   RO         2168    i.HAL_I2C_ER_IRQHandler  stm32f4xx_hal_i2c.o
    0x080034d2   0x080034d2   0x00000230   Code   RO         2169    i.HAL_I2C_EV_IRQHandler  stm32f4xx_hal_i2c.o
    0x08003702   0x08003702   0x00000002   Code   RO         2171    i.HAL_I2C_ErrorCallback  stm32f4xx_hal_i2c.o
    0x08003704   0x08003704   0x00000188   Code   RO         2175    i.HAL_I2C_Init      stm32f4xx_hal_i2c.o
    0x0800388c   0x0800388c   0x00000002   Code   RO         2177    i.HAL_I2C_ListenCpltCallback  stm32f4xx_hal_i2c.o
    0x0800388e   0x0800388e   0x00000002   Code   RO         2178    i.HAL_I2C_MasterRxCpltCallback  stm32f4xx_hal_i2c.o
    0x08003890   0x08003890   0x00000002   Code   RO         2179    i.HAL_I2C_MasterTxCpltCallback  stm32f4xx_hal_i2c.o
    0x08003892   0x08003892   0x00000002   Code   RO         2191    i.HAL_I2C_MemRxCpltCallback  stm32f4xx_hal_i2c.o
    0x08003894   0x08003894   0x00000002   Code   RO         2192    i.HAL_I2C_MemTxCpltCallback  stm32f4xx_hal_i2c.o
    0x08003896   0x08003896   0x00000002   PAD
    0x08003898   0x08003898   0x0000008c   Code   RO          387    i.HAL_I2C_MspInit   i2c.o
    0x08003924   0x08003924   0x00000002   Code   RO         2201    i.HAL_I2C_SlaveRxCpltCallback  stm32f4xx_hal_i2c.o
    0x08003926   0x08003926   0x00000002   Code   RO         2202    i.HAL_I2C_SlaveTxCpltCallback  stm32f4xx_hal_i2c.o
    0x08003928   0x08003928   0x00000010   Code   RO         1925    i.HAL_IncTick       stm32f4xx_hal.o
    0x08003938   0x08003938   0x00000034   Code   RO         1926    i.HAL_Init          stm32f4xx_hal.o
    0x0800396c   0x0800396c   0x00000040   Code   RO         1927    i.HAL_InitTick      stm32f4xx_hal.o
    0x080039ac   0x080039ac   0x00000038   Code   RO          774    i.HAL_MspInit       stm32f4xx_hal_msp.o
    0x080039e4   0x080039e4   0x0000001a   Code   RO         1776    i.HAL_NVIC_EnableIRQ  stm32f4xx_hal_cortex.o
    0x080039fe   0x080039fe   0x00000002   PAD
    0x08003a00   0x08003a00   0x00000040   Code   RO         1782    i.HAL_NVIC_SetPriority  stm32f4xx_hal_cortex.o
    0x08003a40   0x08003a40   0x00000024   Code   RO         1783    i.HAL_NVIC_SetPriorityGrouping  stm32f4xx_hal_cortex.o
    0x08003a64   0x08003a64   0x00000134   Code   RO         1033    i.HAL_RCC_ClockConfig  stm32f4xx_hal_rcc.o
    0x08003b98   0x08003b98   0x00000020   Code   RO         1040    i.HAL_RCC_GetPCLK1Freq  stm32f4xx_hal_rcc.o
    0x08003bb8   0x08003bb8   0x00000020   Code   RO         1041    i.HAL_RCC_GetPCLK2Freq  stm32f4xx_hal_rcc.o
    0x08003bd8   0x08003bd8   0x00000060   Code   RO         1042    i.HAL_RCC_GetSysClockFreq  stm32f4xx_hal_rcc.o
    0x08003c38   0x08003c38   0x0000036c   Code   RO         1045    i.HAL_RCC_OscConfig  stm32f4xx_hal_rcc.o
    0x08003fa4   0x08003fa4   0x00000028   Code   RO         1787    i.HAL_SYSTICK_Config  stm32f4xx_hal_cortex.o
    0x08003fcc   0x08003fcc   0x00000002   Code   RO         3320    i.HAL_TIMEx_BreakCallback  stm32f4xx_hal_tim_ex.o
    0x08003fce   0x08003fce   0x00000002   Code   RO         3321    i.HAL_TIMEx_CommutCallback  stm32f4xx_hal_tim_ex.o
    0x08003fd0   0x08003fd0   0x00000090   Code   RO         3339    i.HAL_TIMEx_MasterConfigSynchronization  stm32f4xx_hal_tim_ex.o
    0x08004060   0x08004060   0x0000005a   Code   RO         2616    i.HAL_TIM_Base_Init  stm32f4xx_hal_tim.o
    0x080040ba   0x080040ba   0x00000002   PAD
    0x080040bc   0x080040bc   0x00000088   Code   RO          429    i.HAL_TIM_Base_MspInit  tim.o
    0x08004144   0x08004144   0x00000080   Code   RO         2621    i.HAL_TIM_Base_Start_IT  stm32f4xx_hal_tim.o
    0x080041c4   0x080041c4   0x000000dc   Code   RO         2625    i.HAL_TIM_ConfigClockSource  stm32f4xx_hal_tim.o
    0x080042a0   0x080042a0   0x00000024   Code   RO         6009    i.HAL_TIM_IC_CaptureCallback  canfestival_timer_stm32_freertos.o
    0x080042c4   0x080042c4   0x0000010c   Code   RO         2660    i.HAL_TIM_IC_Start_IT  stm32f4xx_hal_tim.o
    0x080043d0   0x080043d0   0x00000166   Code   RO         2664    i.HAL_TIM_IRQHandler  stm32f4xx_hal_tim.o
    0x08004536   0x08004536   0x00000002   PAD
    0x08004538   0x08004538   0x00000074   Code   RO          430    i.HAL_TIM_MspPostInit  tim.o
    0x080045ac   0x080045ac   0x00000052   Code   RO         2665    i.HAL_TIM_OC_ConfigChannel  stm32f4xx_hal_tim.o
    0x080045fe   0x080045fe   0x00000002   Code   RO         2667    i.HAL_TIM_OC_DelayElapsedCallback  stm32f4xx_hal_tim.o
    0x08004600   0x08004600   0x0000005a   Code   RO         2669    i.HAL_TIM_OC_Init   stm32f4xx_hal_tim.o
    0x0800465a   0x0800465a   0x00000002   PAD
    0x0800465c   0x0800465c   0x0000003c   Code   RO          432    i.HAL_TIM_OC_MspInit  tim.o
    0x08004698   0x08004698   0x000000cc   Code   RO         2688    i.HAL_TIM_PWM_ConfigChannel  stm32f4xx_hal_tim.o
    0x08004764   0x08004764   0x0000005a   Code   RO         2691    i.HAL_TIM_PWM_Init  stm32f4xx_hal_tim.o
    0x080047be   0x080047be   0x00000002   Code   RO         2693    i.HAL_TIM_PWM_MspInit  stm32f4xx_hal_tim.o
    0x080047c0   0x080047c0   0x00000002   Code   RO         2694    i.HAL_TIM_PWM_PulseFinishedCallback  stm32f4xx_hal_tim.o
    0x080047c2   0x080047c2   0x00000002   PAD
    0x080047c4   0x080047c4   0x00000064   Code   RO         6010    i.HAL_TIM_PeriodElapsedCallback  canfestival_timer_stm32_freertos.o
    0x08004828   0x08004828   0x00000002   Code   RO         2707    i.HAL_TIM_TriggerCallback  stm32f4xx_hal_tim.o
    0x0800482a   0x0800482a   0x00000002   Code   RO         3598    i.HAL_UARTEx_RxEventCallback  stm32f4xx_hal_uart.o
    0x0800482c   0x0800482c   0x00000070   Code   RO         3610    i.HAL_UART_DMAStop  stm32f4xx_hal_uart.o
    0x0800489c   0x0800489c   0x00000002   Code   RO         3612    i.HAL_UART_ErrorCallback  stm32f4xx_hal_uart.o
    0x0800489e   0x0800489e   0x00000002   PAD
    0x080048a0   0x080048a0   0x00000268   Code   RO         3615    i.HAL_UART_IRQHandler  stm32f4xx_hal_uart.o
    0x08004b08   0x08004b08   0x00000062   Code   RO         3616    i.HAL_UART_Init     stm32f4xx_hal_uart.o
    0x08004b6a   0x08004b6a   0x00000002   PAD
    0x08004b6c   0x08004b6c   0x00000418   Code   RO          507    i.HAL_UART_MspInit  usart.o
    0x08004f84   0x08004f84   0x0000002a   Code   RO         3620    i.HAL_UART_Receive_DMA  stm32f4xx_hal_uart.o
    0x08004fae   0x08004fae   0x00000002   Code   RO         3622    i.HAL_UART_RxCpltCallback  stm32f4xx_hal_uart.o
    0x08004fb0   0x08004fb0   0x00000002   Code   RO         3623    i.HAL_UART_RxHalfCpltCallback  stm32f4xx_hal_uart.o
    0x08004fb2   0x08004fb2   0x00000002   PAD
    0x08004fb4   0x08004fb4   0x000000b2   Code   RO         3624    i.HAL_UART_Transmit  stm32f4xx_hal_uart.o
    0x08005066   0x08005066   0x00000002   PAD
    0x08005068   0x08005068   0x00000024   Code   RO         7899    i.HAL_UART_TxCpltCallback  rs485task.o
    0x0800508c   0x0800508c   0x00000002   Code   RO          585    i.HardFault_Handler  stm32f4xx_it.o
    0x0800508e   0x0800508e   0x00000002   PAD
    0x08005090   0x08005090   0x0000000c   Code   RO          586    i.I2C2_ER_IRQHandler  stm32f4xx_it.o
    0x0800509c   0x0800509c   0x0000000c   Code   RO          587    i.I2C2_EV_IRQHandler  stm32f4xx_it.o
    0x080050a8   0x080050a8   0x000000bc   Code   RO         2213    i.I2C_DMAAbort      stm32f4xx_hal_i2c.o
    0x08005164   0x08005164   0x00000158   Code   RO         2216    i.I2C_ITError       stm32f4xx_hal_i2c.o
    0x080052bc   0x080052bc   0x000000d2   Code   RO         2218    i.I2C_MasterReceive_BTF  stm32f4xx_hal_i2c.o
    0x0800538e   0x0800538e   0x00000002   PAD
    0x08005390   0x08005390   0x000000e8   Code   RO         2219    i.I2C_MasterReceive_RXNE  stm32f4xx_hal_i2c.o
    0x08005478   0x08005478   0x00000082   Code   RO         2222    i.I2C_MasterTransmit_BTF  stm32f4xx_hal_i2c.o
    0x080054fa   0x080054fa   0x00000002   PAD
    0x080054fc   0x080054fc   0x000000b6   Code   RO         2223    i.I2C_MasterTransmit_TXE  stm32f4xx_hal_i2c.o
    0x080055b2   0x080055b2   0x00000002   PAD
    0x080055b4   0x080055b4   0x00000118   Code   RO         2224    i.I2C_Master_ADDR   stm32f4xx_hal_i2c.o
    0x080056cc   0x080056cc   0x0000008c   Code   RO         2225    i.I2C_Master_SB     stm32f4xx_hal_i2c.o
    0x08005758   0x08005758   0x000000a0   Code   RO         2226    i.I2C_MemoryTransmit_TXE_BTF  stm32f4xx_hal_i2c.o
    0x080057f8   0x080057f8   0x00000046   Code   RO         2229    i.I2C_Slave_ADDR    stm32f4xx_hal_i2c.o
    0x0800583e   0x0800583e   0x00000002   PAD
    0x08005840   0x08005840   0x00000084   Code   RO         2230    i.I2C_Slave_AF      stm32f4xx_hal_i2c.o
    0x080058c4   0x080058c4   0x0000015c   Code   RO         2231    i.I2C_Slave_STOPF   stm32f4xx_hal_i2c.o
    0x08005a20   0x08005a20   0x00000018   Code   RO         7607    i.ISO3082_Direction  iso3082.o
    0x08005a38   0x08005a38   0x00000028   Code   RO         7662    i.LED_ALARMControl  led.o
    0x08005a60   0x08005a60   0x00000028   Code   RO         7663    i.LED_ERRORControl  led.o
    0x08005a88   0x08005a88   0x00000028   Code   RO         7664    i.LED_RUNControl    led.o
    0x08005ab0   0x08005ab0   0x00000044   Code   RO          322    i.MX_CAN1_Init      can.o
    0x08005af4   0x08005af4   0x000000cc   Code   RO          362    i.MX_DMA_Init       dma.o
    0x08005bc0   0x08005bc0   0x0000015c   Code   RO          234    i.MX_FREERTOS_Init  freertos.o
    0x08005d1c   0x08005d1c   0x00000118   Code   RO          210    i.MX_GPIO_Init      gpio.o
    0x08005e34   0x08005e34   0x00000040   Code   RO          388    i.MX_I2C2_Init      i2c.o
    0x08005e74   0x08005e74   0x00000064   Code   RO          433    i.MX_TIM2_Init      tim.o
    0x08005ed8   0x08005ed8   0x000000bc   Code   RO          434    i.MX_TIM3_Init      tim.o
    0x08005f94   0x08005f94   0x0000006c   Code   RO          435    i.MX_TIM4_Init      tim.o
    0x08006000   0x08006000   0x00000068   Code   RO          436    i.MX_TIM5_Init      tim.o
    0x08006068   0x08006068   0x00000038   Code   RO          508    i.MX_UART4_Init     usart.o
    0x080060a0   0x080060a0   0x00000038   Code   RO          509    i.MX_UART5_Init     usart.o
    0x080060d8   0x080060d8   0x00000038   Code   RO          510    i.MX_USART1_UART_Init  usart.o
    0x08006110   0x08006110   0x00000038   Code   RO          511    i.MX_USART2_UART_Init  usart.o
    0x08006148   0x08006148   0x00000038   Code   RO          512    i.MX_USART6_UART_Init  usart.o
    0x08006180   0x08006180   0x000000e8   Code   RO         5734    i.MagneticSensor_analysisMessage  magneticsensor.o
    0x08006268   0x08006268   0x0000042c   Code   RO         5735    i.MagneticSensor_config  magneticsensor.o
    0x08006694   0x08006694   0x000001bc   Code   RO         5736    i.MagneticSensor_dataInit  magneticsensor.o
    0x08006850   0x08006850   0x000000ac   Code   RO         5737    i.MagneticSensor_init  magneticsensor.o
    0x080068fc   0x080068fc   0x00000002   Code   RO          588    i.MemManage_Handler  stm32f4xx_it.o
    0x080068fe   0x080068fe   0x00000002   PAD
    0x08006900   0x08006900   0x000000e8   Code   RO         7853    i.Motion_pidCalc    motiontask.o
    0x080069e8   0x080069e8   0x00000144   Code   RO         5818    i.Motor_analysisMessage  motor.o
    0x08006b2c   0x08006b2c   0x00000630   Code   RO         5819    i.Motor_config      motor.o
    0x0800715c   0x0800715c   0x000002d4   Code   RO         5820    i.Motor_dataInit    motor.o
    0x08007430   0x08007430   0x000000ac   Code   RO         5822    i.Motor_init        motor.o
    0x080074dc   0x080074dc   0x00000028   Code   RO         5823    i.Motor_sendRPDO    motor.o
    0x08007504   0x08007504   0x00000080   Code   RO         5824    i.Motor_setSpeed    motor.o
    0x08007584   0x08007584   0x00000002   Code   RO          589    i.NMI_Handler       stm32f4xx_it.o
    0x08007586   0x08007586   0x00000002   PAD
    0x08007588   0x08007588   0x00000140   Code   RO         6631    i.ObjDict_scanIndexOD  objdict.o
    0x080076c8   0x080076c8   0x00000014   Code   RO         6632    i.ObjDict_valueRangeTest  objdict.o
    0x080076dc   0x080076dc   0x0000000a   Code   RO         7268    i.OnCOB_ID_SyncUpdate  sync.o
    0x080076e6   0x080076e6   0x00000012   Code   RO         6372    i.OnHeartbeatProducerUpdate  lifegrd.o
    0x080076f8   0x080076f8   0x00000012   Code   RO         6373    i.OnNodeGuardUpdate  lifegrd.o
    0x0800770a   0x0800770a   0x00000002   PAD
    0x0800770c   0x0800770c   0x00000028   Code   RO         6275    i.OnNumberOfErrorsUpdate  emcy.o
    0x08007734   0x08007734   0x00000028   Code   RO         6778    i.PDOEventTimerAlarm  pdo.o
    0x0800775c   0x0800775c   0x0000002a   Code   RO         6779    i.PDOInhibitTimerAlarm  pdo.o
    0x08007786   0x08007786   0x00000002   PAD
    0x08007788   0x08007788   0x00000058   Code   RO         6780    i.PDOInit           pdo.o
    0x080077e0   0x080077e0   0x00000068   Code   RO         6781    i.PDOStop           pdo.o
    0x08007848   0x08007848   0x00000044   Code   RO         6374    i.ProducerHeartbeatAlarm  lifegrd.o
    0x0800788c   0x0800788c   0x00000034   Code   RO         7900    i.RS485_Transmit    rs485task.o
    0x080078c0   0x080078c0   0x00000024   Code   RO         6577    i.RegisterSetODentryCallBack  objacces.o
    0x080078e4   0x080078e4   0x0000007c   Code   RO         6879    i.SDOTimeoutAlarm   sdo.o
    0x08007960   0x08007960   0x00000030   Code   RO         6880    i.SDOlineToObjdict  sdo.o
    0x08007990   0x08007990   0x00000036   Code   RO         6881    i.SDOtoLine         sdo.o
    0x080079c6   0x080079c6   0x00000002   PAD
    0x080079c8   0x080079c8   0x0000007c   Code   RO         7698    i.Serial_IDLE       serial.o
    0x08007a44   0x08007a44   0x0000006c   Code   RO         7699    i.Serial_Receive_DMA_EN  serial.o
    0x08007ab0   0x08007ab0   0x000001b8   Code   RO         7700    i.Serial_init       serial.o
    0x08007c68   0x08007c68   0x00000090   Code   RO         7338    i.SetAlarm          timer.o
    0x08007cf8   0x08007cf8   0x00000048   Code   RO         7774    i.StartTaskCan      cantask.o
    0x08007d40   0x08007d40   0x00000030   Code   RO         7823    i.StartTaskLed      ledtask.o
    0x08007d70   0x08007d70   0x00000098   Code   RO         7854    i.StartTaskMotion   motiontask.o
    0x08007e08   0x08007e08   0x0000002c   Code   RO         7951    i.StartTaskRS232    rs232task.o
    0x08007e34   0x08007e34   0x0000004c   Code   RO         7901    i.StartTaskRS485    rs485task.o
    0x08007e80   0x08007e80   0x00000078   Code   RO         8006    i.StartTaskSYSInit  sysinittask.o
    0x08007ef8   0x08007ef8   0x00000050   Code   RO         7978    i.StartTaskSerial   serialtask.o
    0x08007f48   0x08007f48   0x00000030   Code   RO         8037    i.StartTaskWatchdog  watchdogtask.o
    0x08007f78   0x08007f78   0x00000004   Code   RO         7269    i.SyncAlarm         sync.o
    0x08007f7c   0x08007f7c   0x00000018   Code   RO          590    i.SysTick_Handler   stm32f4xx_it.o
    0x08007f94   0x08007f94   0x00000094   Code   RO           14    i.SystemClock_Config  main.o
    0x08008028   0x08008028   0x00000010   Code   RO         3945    i.SystemInit        system_stm32f4xx.o
    0x08008038   0x08008038   0x0000000c   Code   RO          591    i.TIM2_IRQHandler   stm32f4xx_it.o
    0x08008044   0x08008044   0x0000000c   Code   RO          592    i.TIM3_IRQHandler   stm32f4xx_it.o
    0x08008050   0x08008050   0x0000000c   Code   RO          593    i.TIM4_IRQHandler   stm32f4xx_it.o
    0x0800805c   0x0800805c   0x00000018   Code   RO         6011    i.TIM4_start        canfestival_timer_stm32_freertos.o
    0x08008074   0x08008074   0x0000000c   Code   RO          594    i.TIM5_IRQHandler   stm32f4xx_it.o
    0x08008080   0x08008080   0x000000c8   Code   RO         2709    i.TIM_Base_SetConfig  stm32f4xx_hal_tim.o
    0x08008148   0x08008148   0x0000001a   Code   RO         2710    i.TIM_CCxChannelCmd  stm32f4xx_hal_tim.o
    0x08008162   0x08008162   0x00000014   Code   RO         2720    i.TIM_ETR_SetConfig  stm32f4xx_hal_tim.o
    0x08008176   0x08008176   0x00000010   Code   RO         2721    i.TIM_ITRx_SetConfig  stm32f4xx_hal_tim.o
    0x08008186   0x08008186   0x00000002   PAD
    0x08008188   0x08008188   0x00000060   Code   RO         2722    i.TIM_OC1_SetConfig  stm32f4xx_hal_tim.o
    0x080081e8   0x080081e8   0x0000006c   Code   RO         2723    i.TIM_OC2_SetConfig  stm32f4xx_hal_tim.o
    0x08008254   0x08008254   0x00000068   Code   RO         2724    i.TIM_OC3_SetConfig  stm32f4xx_hal_tim.o
    0x080082bc   0x080082bc   0x00000050   Code   RO         2725    i.TIM_OC4_SetConfig  stm32f4xx_hal_tim.o
    0x0800830c   0x0800830c   0x00000022   Code   RO         2727    i.TIM_TI1_ConfigInputStage  stm32f4xx_hal_tim.o
    0x0800832e   0x0800832e   0x00000024   Code   RO         2729    i.TIM_TI2_ConfigInputStage  stm32f4xx_hal_tim.o
    0x08008352   0x08008352   0x00000066   Code   RO         6782    i.TPDO_Communication_Parameter_Callback  pdo.o
    0x080083b8   0x080083b8   0x00000098   Code   RO         7339    i.TimeDispatch      timer.o
    0x08008450   0x08008450   0x000000b4   Code   RO         6012    i.Timer_Init        canfestival_timer_stm32_freertos.o
    0x08008504   0x08008504   0x0000000c   Code   RO          595    i.UART4_IRQHandler  stm32f4xx_it.o
    0x08008510   0x08008510   0x0000000c   Code   RO          596    i.UART5_IRQHandler  stm32f4xx_it.o
    0x0800851c   0x0800851c   0x00000010   Code   RO         3629    i.UART_DMAAbortOnError  stm32f4xx_hal_uart.o
    0x0800852c   0x0800852c   0x0000004a   Code   RO         3630    i.UART_DMAError     stm32f4xx_hal_uart.o
    0x08008576   0x08008576   0x00000082   Code   RO         3631    i.UART_DMAReceiveCplt  stm32f4xx_hal_uart.o
    0x080085f8   0x080085f8   0x0000001a   Code   RO         3633    i.UART_DMARxHalfCplt  stm32f4xx_hal_uart.o
    0x08008612   0x08008612   0x0000004e   Code   RO         3639    i.UART_EndRxTransfer  stm32f4xx_hal_uart.o
    0x08008660   0x08008660   0x0000001c   Code   RO         3640    i.UART_EndTxTransfer  stm32f4xx_hal_uart.o
    0x0800867c   0x0800867c   0x000000c0   Code   RO         3641    i.UART_Receive_IT   stm32f4xx_hal_uart.o
    0x0800873c   0x0800873c   0x0000010c   Code   RO         3642    i.UART_SetConfig    stm32f4xx_hal_uart.o
    0x08008848   0x08008848   0x00000094   Code   RO         3643    i.UART_Start_Receive_DMA  stm32f4xx_hal_uart.o
    0x080088dc   0x080088dc   0x00000078   Code   RO         3645    i.UART_WaitOnFlagUntilTimeout  stm32f4xx_hal_uart.o
    0x08008954   0x08008954   0x00000018   Code   RO          597    i.USART1_IRQHandler  stm32f4xx_it.o
    0x0800896c   0x0800896c   0x0000000c   Code   RO          598    i.USART2_IRQHandler  stm32f4xx_it.o
    0x08008978   0x08008978   0x0000000c   Code   RO          599    i.USART6_IRQHandler  stm32f4xx_it.o
    0x08008984   0x08008984   0x00000002   Code   RO          600    i.UsageFault_Handler  stm32f4xx_it.o
    0x08008986   0x08008986   0x00000002   PAD
    0x08008988   0x08008988   0x0000002c   Code   RO         7741    i.Watchdog_feed     watchdog.o
    0x080089b4   0x080089b4   0x00000002   Code   RO         6783    i._RxPDO_EventTimers_Handler  pdo.o
    0x080089b6   0x080089b6   0x00000030   Code   RO         8331    i.__ARM_fpclassify  m_wm.l(fpclassify.o)
    0x080089e6   0x080089e6   0x00000020   Code   RO         1789    i.__NVIC_SetPriority  stm32f4xx_hal_cortex.o
    0x08008a06   0x08008a06   0x00000074   Code   RO         8136    i.__hardfp_fmax     m_wm.l(fmax.o)
    0x08008a7a   0x08008a7a   0x00000074   Code   RO         8140    i.__hardfp_fmin     m_wm.l(fmin.o)
    0x08008aee   0x08008aee   0x00000002   PAD
    0x08008af0   0x08008af0   0x000000cc   Code   RO         6578    i._getODentry       objacces.o
    0x08008bbc   0x08008bbc   0x00000002   Code   RO         6375    i._heartbeatError   lifegrd.o
    0x08008bbe   0x08008bbe   0x00000002   Code   RO         7189    i._initialisation   states.o
    0x08008bc0   0x08008bc0   0x0000000e   Code   RO         8084    i._is_digit         c_w.l(__printf_wp.o)
    0x08008bce   0x08008bce   0x00000002   Code   RO         6376    i._nodeguardError   lifegrd.o
    0x08008bd0   0x08008bd0   0x00000002   Code   RO         7190    i._operational      states.o
    0x08008bd2   0x08008bd2   0x00000002   Code   RO         6377    i._post_SlaveBootup  lifegrd.o
    0x08008bd4   0x08008bd4   0x00000002   Code   RO         6378    i._post_SlaveStateChange  lifegrd.o
    0x08008bd6   0x08008bd6   0x00000002   Code   RO         7270    i._post_TPDO        sync.o
    0x08008bd8   0x08008bd8   0x00000002   Code   RO         6276    i._post_emcy        emcy.o
    0x08008bda   0x08008bda   0x00000002   Code   RO         7271    i._post_sync        sync.o
    0x08008bdc   0x08008bdc   0x00000010   Code   RO         7191    i._preOperational   states.o
    0x08008bec   0x08008bec   0x0000011c   Code   RO         6784    i._sendPDOevent     pdo.o
    0x08008d08   0x08008d08   0x000000f0   Code   RO         6579    i._setODentry       objacces.o
    0x08008df8   0x08008df8   0x00000002   Code   RO         7192    i._stopped          states.o
    0x08008dfa   0x08008dfa   0x00000002   Code   RO         6580    i._storeODSubIndex  objacces.o
    0x08008dfc   0x08008dfc   0x00000002   Code   RO         7476    i._sys_exit         debugserial.o
    0x08008dfe   0x08008dfe   0x000000d6   Code   RO         6785    i.buildPDO          pdo.o
    0x08008ed4   0x08008ed4   0x0000007a   Code   RO         7193    i.canDispatch       states.o
    0x08008f4e   0x08008f4e   0x0000000a   Code   RO         5893    i.canInit           canfestival_can_stm32_freertos.o
    0x08008f58   0x08008f58   0x00000080   Code   RO         5894    i.canSend           canfestival_can_stm32_freertos.o
    0x08008fd8   0x08008fd8   0x00000084   Code   RO         7775    i.canTask_analysisMessage  cantask.o
    0x0800905c   0x0800905c   0x0000006c   Code   RO         7776    i.canTask_init      cantask.o
    0x080090c8   0x080090c8   0x00000074   Code   RO         4551    i.eTaskGetState     tasks.o
    0x0800913c   0x0800913c   0x00000020   Code   RO         6277    i.emergencyInit     emcy.o
    0x0800915c   0x0800915c   0x00000002   Code   RO         6278    i.emergencyStop     emcy.o
    0x0800915e   0x0800915e   0x00000088   Code   RO         6885    i.failedSDO         sdo.o
    0x080091e6   0x080091e6   0x00000002   PAD
    0x080091e8   0x080091e8   0x00000014   Code   RO         7477    i.fputc             debugserial.o
    0x080091fc   0x080091fc   0x00000020   Code   RO         6013    i.getElapsedTime    canfestival_timer_stm32_freertos.o
    0x0800921c   0x0800921c   0x00000006   Code   RO         7194    i.getNodeId         states.o
    0x08009222   0x08009222   0x00000030   Code   RO         6887    i.getSDOfreeLine    sdo.o
    0x08009252   0x08009252   0x0000003a   Code   RO         6888    i.getSDOlineOnUse   sdo.o
    0x0800928c   0x0800928c   0x00000016   Code   RO         6889    i.getSDOlineRestBytes  sdo.o
    0x080092a2   0x080092a2   0x00000002   PAD
    0x080092a4   0x080092a4   0x00000084   Code   RO         6380    i.heartbeatInit     lifegrd.o
    0x08009328   0x08009328   0x00000036   Code   RO         6381    i.heartbeatStop     lifegrd.o
    0x0800935e   0x0800935e   0x00000002   PAD
    0x08009360   0x08009360   0x00000088   Code   RO         6892    i.initSDOline       sdo.o
    0x080093e8   0x080093e8   0x00000004   Code   RO         6014    i.initTimer         canfestival_timer_stm32_freertos.o
    0x080093ec   0x080093ec   0x00000012   Code   RO         6382    i.lifeGuardInit     lifegrd.o
    0x080093fe   0x080093fe   0x00000012   Code   RO         6383    i.lifeGuardStop     lifegrd.o
    0x08009410   0x08009410   0x0000003c   Code   RO         6893    i.lineToSDO         sdo.o
    0x0800944c   0x0800944c   0x0000004a   Code   RO           15    i.main              main.o
    0x08009496   0x08009496   0x00000022   Code   RO         6512    i.masterSendNMTnodeguard  nmtmaster.o
    0x080094b8   0x080094b8   0x00000026   Code   RO         6513    i.masterSendNMTstateChange  nmtmaster.o
    0x080094de   0x080094de   0x00000002   PAD
    0x080094e0   0x080094e0   0x00000068   Code   RO         7855    i.motionTask_init   motiontask.o
    0x08009548   0x08009548   0x00000080   Code   RO         6384    i.nodeguardInit     lifegrd.o
    0x080095c8   0x080095c8   0x00000012   Code   RO         6385    i.nodeguardStop     lifegrd.o
    0x080095da   0x080095da   0x0000003c   Code   RO         6894    i.objdictToSDOline  sdo.o
    0x08009616   0x08009616   0x0000001a   Code   RO         5093    i.osDelay           cmsis_os2.o
    0x08009630   0x08009630   0x00000024   Code   RO         5107    i.osKernelInitialize  cmsis_os2.o
    0x08009654   0x08009654   0x00000038   Code   RO         5110    i.osKernelStart     cmsis_os2.o
    0x0800968c   0x0800968c   0x00000058   Code   RO         5127    i.osMessageQueueNew  cmsis_os2.o
    0x080096e4   0x080096e4   0x00000052   Code   RO         5130    i.osMutexAcquire    cmsis_os2.o
    0x08009736   0x08009736   0x00000068   Code   RO         5133    i.osMutexNew        cmsis_os2.o
    0x0800979e   0x0800979e   0x00000042   Code   RO         5134    i.osMutexRelease    cmsis_os2.o
    0x080097e0   0x080097e0   0x0000008a   Code   RO         5152    i.osThreadNew       cmsis_os2.o
    0x0800986a   0x0800986a   0x00000034   Code   RO         5156    i.osThreadTerminate  cmsis_os2.o
    0x0800989e   0x0800989e   0x00000022   Code   RO         6279    i.proceedEMCY       emcy.o
    0x080098c0   0x080098c0   0x00000096   Code   RO         6547    i.proceedNMTstateChange  nmtslave.o
    0x08009956   0x08009956   0x00000002   PAD
    0x08009958   0x08009958   0x000000fc   Code   RO         6386    i.proceedNODE_GUARD  lifegrd.o
    0x08009a54   0x08009a54   0x00000224   Code   RO         6786    i.proceedPDO        pdo.o
    0x08009c78   0x08009c78   0x00001244   Code   RO         6895    i.proceedSDO        sdo.o
    0x0800aebc   0x0800aebc   0x00000028   Code   RO         7272    i.proceedSYNC       sync.o
    0x0800aee4   0x0800aee4   0x0000005c   Code   RO         4553    i.prvAddCurrentTaskToDelayedList  tasks.o
    0x0800af40   0x0800af40   0x000000d0   Code   RO         4554    i.prvAddNewTaskToReadyList  tasks.o
    0x0800b010   0x0800b010   0x00000058   Code   RO         4918    i.prvCheckForValidListAndQueue  timers.o
    0x0800b068   0x0800b068   0x00000026   Code   RO         4150    i.prvCopyDataFromQueue  queue.o
    0x0800b08e   0x0800b08e   0x0000006c   Code   RO         4151    i.prvCopyDataToQueue  queue.o
    0x0800b0fa   0x0800b0fa   0x00000034   Code   RO         4555    i.prvDeleteTCB      tasks.o
    0x0800b12e   0x0800b12e   0x00000002   PAD
    0x0800b130   0x0800b130   0x0000004c   Code   RO         5599    i.prvHeapInit       heap_4.o
    0x0800b17c   0x0800b17c   0x00000060   Code   RO         4556    i.prvIdleTask       tasks.o
    0x0800b1dc   0x0800b1dc   0x00000016   Code   RO         4152    i.prvInitialiseMutex  queue.o
    0x0800b1f2   0x0800b1f2   0x00000002   PAD
    0x0800b1f4   0x0800b1f4   0x00000022   Code   RO         4153    i.prvInitialiseNewQueue  queue.o
    0x0800b216   0x0800b216   0x00000002   PAD
    0x0800b218   0x0800b218   0x000000b0   Code   RO         4557    i.prvInitialiseNewTask  tasks.o
    0x0800b2c8   0x0800b2c8   0x0000004c   Code   RO         5600    i.prvInsertBlockIntoFreeList  heap_4.o
    0x0800b314   0x0800b314   0x00000038   Code   RO         4920    i.prvInsertTimerInActiveList  timers.o
    0x0800b34c   0x0800b34c   0x0000001c   Code   RO         4154    i.prvIsQueueEmpty   queue.o
    0x0800b368   0x0800b368   0x000000fc   Code   RO         4921    i.prvProcessReceivedCommands  timers.o
    0x0800b464   0x0800b464   0x000000c0   Code   RO         4922    i.prvProcessTimerOrBlockTask  timers.o
    0x0800b524   0x0800b524   0x00000020   Code   RO         4559    i.prvResetNextTaskUnblockTime  tasks.o
    0x0800b544   0x0800b544   0x00000028   Code   RO         4923    i.prvSampleTimeNow  timers.o
    0x0800b56c   0x0800b56c   0x0000006c   Code   RO         4924    i.prvSwitchTimerLists  timers.o
    0x0800b5d8   0x0800b5d8   0x00000028   Code   RO         5655    i.prvTaskExitError  port.o
    0x0800b600   0x0800b600   0x00000024   Code   RO         4925    i.prvTimerTask      timers.o
    0x0800b624   0x0800b624   0x0000006a   Code   RO         4155    i.prvUnlockQueue    queue.o
    0x0800b68e   0x0800b68e   0x00000002   PAD
    0x0800b690   0x0800b690   0x000000dc   Code   RO         5601    i.pvPortMalloc      heap_4.o
    0x0800b76c   0x0800b76c   0x00000018   Code   RO         4562    i.pvTaskIncrementMutexHeldCount  tasks.o
    0x0800b784   0x0800b784   0x0000002c   Code   RO         5656    i.pxPortInitialiseStack  port.o
    0x0800b7b0   0x0800b7b0   0x00000018   Code   RO         6899    i.resetSDO          sdo.o
    0x0800b7c8   0x0800b7c8   0x00000032   Code   RO         6900    i.resetSDOline      sdo.o
    0x0800b7fa   0x0800b7fa   0x00000002   PAD
    0x0800b7fc   0x0800b7fc   0x00000034   Code   RO         7902    i.rs485Task_init    rs485task.o
    0x0800b830   0x0800b830   0x00000016   Code   RO         6582    i.scanIndexOD       objacces.o
    0x0800b846   0x0800b846   0x00000002   PAD
    0x0800b848   0x0800b848   0x00000108   Code   RO         6787    i.sendOnePDOevent   pdo.o
    0x0800b950   0x0800b950   0x00000028   Code   RO         6790    i.sendPdo           pdo.o
    0x0800b978   0x0800b978   0x00000078   Code   RO         6901    i.sendSDO           sdo.o
    0x0800b9f0   0x0800b9f0   0x00000038   Code   RO         6902    i.sendSDOabort      sdo.o
    0x0800ba28   0x0800ba28   0x00000014   Code   RO         7273    i.sendSYNC          sync.o
    0x0800ba3c   0x0800ba3c   0x00000022   Code   RO         7274    i.sendSYNCMessage   sync.o
    0x0800ba5e   0x0800ba5e   0x00000002   PAD
    0x0800ba60   0x0800ba60   0x00000134   Code   RO         7196    i.setNodeId         states.o
    0x0800bb94   0x0800bb94   0x00000016   Code   RO         6903    i.setSDOlineRestBytes  sdo.o
    0x0800bbaa   0x0800bbaa   0x00000002   PAD
    0x0800bbac   0x0800bbac   0x000000a4   Code   RO         7197    i.setState          states.o
    0x0800bc50   0x0800bc50   0x00000010   Code   RO         6015    i.setTimer          canfestival_timer_stm32_freertos.o
    0x0800bc60   0x0800bc60   0x0000002a   Code   RO         6548    i.slaveSendBootUp   nmtslave.o
    0x0800bc8a   0x0800bc8a   0x00000002   PAD
    0x0800bc8c   0x0800bc8c   0x0000005c   Code   RO         7275    i.startSYNC         sync.o
    0x0800bce8   0x0800bce8   0x0000002c   Code   RO         7276    i.stopSYNC          sync.o
    0x0800bd14   0x0800bd14   0x000000ea   Code   RO         7198    i.switchCommunicationState  states.o
    0x0800bdfe   0x0800bdfe   0x00000026   Code   RO         4110    i.uxListRemove      list.o
    0x0800be24   0x0800be24   0x00000014   Code   RO         5164    i.vApplicationGetIdleTaskMemory  cmsis_os2.o
    0x0800be38   0x0800be38   0x00000018   Code   RO         5165    i.vApplicationGetTimerTaskMemory  cmsis_os2.o
    0x0800be50   0x0800be50   0x00000016   Code   RO         4111    i.vListInitialise   list.o
    0x0800be66   0x0800be66   0x00000006   Code   RO         4112    i.vListInitialiseItem  list.o
    0x0800be6c   0x0800be6c   0x00000030   Code   RO         4113    i.vListInsert       list.o
    0x0800be9c   0x0800be9c   0x00000018   Code   RO         4114    i.vListInsertEnd    list.o
    0x0800beb4   0x0800beb4   0x00000040   Code   RO         5658    i.vPortEnterCritical  port.o
    0x0800bef4   0x0800bef4   0x00000028   Code   RO         5659    i.vPortExitCritical  port.o
    0x0800bf1c   0x0800bf1c   0x00000064   Code   RO         5602    i.vPortFree         heap_4.o
    0x0800bf80   0x0800bf80   0x00000024   Code   RO         5660    i.vPortSetupTimerInterrupt  port.o
    0x0800bfa4   0x0800bfa4   0x00000054   Code   RO         5661    i.vPortValidateInterruptPriority  port.o
    0x0800bff8   0x0800bff8   0x00000028   Code   RO         4161    i.vQueueAddToRegistry  queue.o
    0x0800c020   0x0800c020   0x00000044   Code   RO         4165    i.vQueueWaitForMessageRestricted  queue.o
    0x0800c064   0x0800c064   0x0000004c   Code   RO         4572    i.vTaskDelay        tasks.o
    0x0800c0b0   0x0800c0b0   0x00000090   Code   RO         4574    i.vTaskDelete       tasks.o
    0x0800c140   0x0800c140   0x00000010   Code   RO         4577    i.vTaskInternalSetTimeOutState  tasks.o
    0x0800c150   0x0800c150   0x0000000c   Code   RO         4578    i.vTaskMissedYield  tasks.o
    0x0800c15c   0x0800c15c   0x00000030   Code   RO         4580    i.vTaskPlaceOnEventList  tasks.o
    0x0800c18c   0x0800c18c   0x00000038   Code   RO         4581    i.vTaskPlaceOnEventListRestricted  tasks.o
    0x0800c1c4   0x0800c1c4   0x00000090   Code   RO         4583    i.vTaskPriorityDisinheritAfterTimeout  tasks.o
    0x0800c254   0x0800c254   0x00000088   Code   RO         4589    i.vTaskStartScheduler  tasks.o
    0x0800c2dc   0x0800c2dc   0x00000010   Code   RO         4591    i.vTaskSuspendAll   tasks.o
    0x0800c2ec   0x0800c2ec   0x00000064   Code   RO         4592    i.vTaskSwitchContext  tasks.o
    0x0800c350   0x0800c350   0x000000f4   Code   RO         5662    i.xPortStartScheduler  port.o
    0x0800c444   0x0800c444   0x0000002c   Code   RO         5663    i.xPortSysTickHandler  port.o
    0x0800c470   0x0800c470   0x00000016   Code   RO         4168    i.xQueueCreateMutex  queue.o
    0x0800c486   0x0800c486   0x0000001a   Code   RO         4169    i.xQueueCreateMutexStatic  queue.o
    0x0800c4a0   0x0800c4a0   0x00000042   Code   RO         4170    i.xQueueGenericCreate  queue.o
    0x0800c4e2   0x0800c4e2   0x00000066   Code   RO         4171    i.xQueueGenericCreateStatic  queue.o
    0x0800c548   0x0800c548   0x00000088   Code   RO         4172    i.xQueueGenericReset  queue.o
    0x0800c5d0   0x0800c5d0   0x00000160   Code   RO         4173    i.xQueueGenericSend  queue.o
    0x0800c730   0x0800c730   0x000000be   Code   RO         4174    i.xQueueGenericSendFromISR  queue.o
    0x0800c7ee   0x0800c7ee   0x0000003e   Code   RO         4178    i.xQueueGiveMutexRecursive  queue.o
    0x0800c82c   0x0800c82c   0x00000138   Code   RO         4183    i.xQueueReceive     queue.o
    0x0800c964   0x0800c964   0x00000178   Code   RO         4185    i.xQueueSemaphoreTake  queue.o
    0x0800cadc   0x0800cadc   0x00000040   Code   RO         4186    i.xQueueTakeMutexRecursive  queue.o
    0x0800cb1c   0x0800cb1c   0x00000074   Code   RO         4594    i.xTaskCheckForTimeOut  tasks.o
    0x0800cb90   0x0800cb90   0x0000005a   Code   RO         4595    i.xTaskCreate       tasks.o
    0x0800cbea   0x0800cbea   0x00000056   Code   RO         4596    i.xTaskCreateStatic  tasks.o
    0x0800cc40   0x0800cc40   0x0000000c   Code   RO         4599    i.xTaskGetCurrentTaskHandle  tasks.o
    0x0800cc4c   0x0800cc4c   0x0000001c   Code   RO         4600    i.xTaskGetSchedulerState  tasks.o
    0x0800cc68   0x0800cc68   0x0000000c   Code   RO         4601    i.xTaskGetTickCount  tasks.o
    0x0800cc74   0x0800cc74   0x000000c8   Code   RO         4603    i.xTaskIncrementTick  tasks.o
    0x0800cd3c   0x0800cd3c   0x00000080   Code   RO         4606    i.xTaskPriorityDisinherit  tasks.o
    0x0800cdbc   0x0800cdbc   0x00000078   Code   RO         4607    i.xTaskPriorityInherit  tasks.o
    0x0800ce34   0x0800ce34   0x00000070   Code   RO         4608    i.xTaskRemoveFromEventList  tasks.o
    0x0800cea4   0x0800cea4   0x000000c4   Code   RO         4609    i.xTaskResumeAll    tasks.o
    0x0800cf68   0x0800cf68   0x00000060   Code   RO         4934    i.xTimerCreateTimerTask  timers.o
    0x0800cfc8   0x0800cfc8   0x00000068   Code   RO         4935    i.xTimerGenericCommand  timers.o
    0x0800d030   0x0800d030   0x0000002c   Code   RO         8315    locale$$code        c_w.l(lc_numeric_c.o)
    0x0800d05c   0x0800d05c   0x0000002c   Code   RO         8341    locale$$code        c_w.l(lc_ctype_c.o)
    0x0800d088   0x0800d088   0x00000018   Code   RO         8112    x$fpl$basic         fz_wm.l(basic.o)
    0x0800d0a0   0x0800d0a0   0x00000150   Code   RO         8114    x$fpl$dadd          fz_wm.l(daddsub_clz.o)
    0x0800d1f0   0x0800d1f0   0x00000136   Code   RO         8225    x$fpl$dcmp4         fz_wm.l(dcmp4.o)
    0x0800d326   0x0800d326   0x00000018   Code   RO         8276    x$fpl$dcmpinf       fz_wm.l(dcmpi.o)
    0x0800d33e   0x0800d33e   0x00000002   PAD
    0x0800d340   0x0800d340   0x000002b0   Code   RO         8121    x$fpl$ddiv          fz_wm.l(ddiv.o)
    0x0800d5f0   0x0800d5f0   0x0000005e   Code   RO         8124    x$fpl$dfix          fz_wm.l(dfix.o)
    0x0800d64e   0x0800d64e   0x0000002e   Code   RO         8129    x$fpl$dflt          fz_wm.l(dflt_clz.o)
    0x0800d67c   0x0800d67c   0x00000154   Code   RO         8134    x$fpl$dmul          fz_wm.l(dmul.o)
    0x0800d7d0   0x0800d7d0   0x0000009c   Code   RO         8227    x$fpl$dnaninf       fz_wm.l(dnaninf.o)
    0x0800d86c   0x0800d86c   0x0000000c   Code   RO         8229    x$fpl$dretinf       fz_wm.l(dretinf.o)
    0x0800d878   0x0800d878   0x00000016   Code   RO         8115    x$fpl$drsb          fz_wm.l(daddsub_clz.o)
    0x0800d88e   0x0800d88e   0x00000002   PAD
    0x0800d890   0x0800d890   0x000001d4   Code   RO         8116    x$fpl$dsub          fz_wm.l(daddsub_clz.o)
    0x0800da64   0x0800da64   0x0000000a   Code   RO         8407    x$fpl$fpinit        fz_wm.l(fpinit.o)
    0x0800da6e   0x0800da6e   0x00000004   Code   RO         8231    x$fpl$printf1       fz_wm.l(printf1.o)
    0x0800da72   0x0800da72   0x00000004   Code   RO         8233    x$fpl$printf2       fz_wm.l(printf2.o)
    0x0800da76   0x0800da76   0x00000000   Code   RO         8239    x$fpl$usenofp       fz_wm.l(usenofp.o)
    0x0800da76   0x0800da76   0x00000002   PAD
    0x0800da78   0x0800da78   0x00000260   Data   RO          243    .constdata          freertos.o
    0x0800dcd8   0x0800dcd8   0x00000008   Data   RO         1506    .constdata          stm32f4xx_hal_dma.o
    0x0800dce0   0x0800dce0   0x00000010   Data   RO         3946    .constdata          system_stm32f4xx.o
    0x0800dcf0   0x0800dcf0   0x00000008   Data   RO         3947    .constdata          system_stm32f4xx.o
    0x0800dcf8   0x0800dcf8   0x00000002   Data   RO         5739    .constdata          magneticsensor.o
    0x0800dcfa   0x0800dcfa   0x00000002   Data   RO         5826    .constdata          motor.o
    0x0800dcfc   0x0800dcfc   0x00000001   Data   RO         6634    .constdata          objdict.o
    0x0800dcfd   0x0800dcfd   0x00000003   PAD
    0x0800dd00   0x0800dd00   0x000000b0   Data   RO         6635    .constdata          objdict.o
    0x0800ddb0   0x0800ddb0   0x0000000c   Data   RO         6636    .constdata          objdict.o
    0x0800ddbc   0x0800ddbc   0x0000000c   Data   RO         6637    .constdata          objdict.o
    0x0800ddc8   0x0800ddc8   0x00000002   Data   RO         6638    .constdata          objdict.o
    0x0800ddca   0x0800ddca   0x00000002   PAD
    0x0800ddcc   0x0800ddcc   0x00000040   Data   RO         7199    .constdata          states.o
    0x0800de0c   0x0800de0c   0x00000011   Data   RO         8092    .constdata          c_w.l(__printf_flags_ss_wp.o)
    0x0800de1d   0x0800de1d   0x00000003   PAD
    0x0800de20   0x0800de20   0x00000008   Data   RO         8168    .constdata          c_w.l(_printf_wctomb.o)
    0x0800de28   0x0800de28   0x00000028   Data   RO         8197    .constdata          c_w.l(_printf_hex_int_ll_ptr.o)
    0x0800de50   0x0800de50   0x00000026   Data   RO         8264    .constdata          c_w.l(_printf_fp_hex.o)
    0x0800de76   0x0800de76   0x00000002   PAD
    0x0800de78   0x0800de78   0x00000094   Data   RO         8290    .constdata          c_w.l(bigflt0.o)
    0x0800df0c   0x0800df0c   0x00000139   Data   RO          244    .conststring        freertos.o
    0x0800e045   0x0800e045   0x00000003   PAD
    0x0800e048   0x0800e048   0x00000059   Data   RO         5827    .conststring        motor.o
    0x0800e0a1   0x0800e0a1   0x00000003   PAD
    0x0800e0a4   0x0800e0a4   0x00000020   Data   RO         8463    Region$$Table       anon$$obj.o
    0x0800e0c4   0x0800e0c4   0x0000001c   Data   RO         8314    locale$$data        c_w.l(lc_numeric_c.o)
    0x0800e0e0   0x0800e0e0   0x00000110   Data   RO         8340    locale$$data        c_w.l(lc_ctype_c.o)


    Execution Region RW_IRAM1 (Exec base: 0x20000000, Load base: 0x0800e1f0, Size: 0x000127c8, Max: 0x0001c000, ABSOLUTE, COMPRESSED[0x0000034c])

    Exec Addr    Load Addr    Size         Type   Attr      Idx    E Section Name        Object

    0x20000000   COMPRESSED   0x00000004   Data   RW          245    .data               freertos.o
    0x20000004   COMPRESSED   0x00000058   Data   RW          246    .data               freertos.o
    0x2000005c   COMPRESSED   0x0000000c   Data   RW         1933    .data               stm32f4xx_hal.o
    0x20000068   COMPRESSED   0x00000004   Data   RW         3948    .data               system_stm32f4xx.o
    0x2000006c   COMPRESSED   0x0000003c   Data   RW         4612    .data               tasks.o
    0x200000a8   COMPRESSED   0x00000014   Data   RW         4943    .data               timers.o
    0x200000bc   COMPRESSED   0x00000004   Data   RW         5167    .data               cmsis_os2.o
    0x200000c0   COMPRESSED   0x00000020   Data   RW         5608    .data               heap_4.o
    0x200000e0   COMPRESSED   0x0000000c   Data   RW         5664    .data               port.o
    0x200000ec   COMPRESSED   0x000000b8   Data   RW         5740    .data               magneticsensor.o
    0x200001a4   COMPRESSED   0x00000158   Data   RW         5828    .data               motor.o
    0x200002fc   COMPRESSED   0x00000010   Data   RW         5897    .data               canfestival_can_stm32_freertos.o
    0x2000030c   COMPRESSED   0x00000008   Data   RW         6016    .data               canfestival_timer_stm32_freertos.o
    0x20000314   COMPRESSED   0x00000004   Data   RW         6339    .data               globalvar.o
    0x20000318   COMPRESSED   0x00000002   Data   RW         6639    .data               objdict.o
    0x2000031a   COMPRESSED   0x00000002   Data   RW         6640    .data               objdict.o
    0x2000031c   COMPRESSED   0x00000004   Data   RW         6641    .data               objdict.o
    0x20000320   COMPRESSED   0x00000002   Data   RW         6642    .data               objdict.o
    0x20000322   COMPRESSED   0x00000002   Data   RW         6643    .data               objdict.o
    0x20000324   COMPRESSED   0x00000004   Data   RW         6644    .data               objdict.o
    0x20000328   COMPRESSED   0x00000001   Data   RW         6645    .data               objdict.o
    0x20000329   COMPRESSED   0x00000003   PAD
    0x2000032c   COMPRESSED   0x00000004   Data   RW         6646    .data               objdict.o
    0x20000330   COMPRESSED   0x00000004   Data   RW         6647    .data               objdict.o
    0x20000334   COMPRESSED   0x00000001   Data   RW         6648    .data               objdict.o
    0x20000335   COMPRESSED   0x00000003   PAD
    0x20000338   COMPRESSED   0x00000004   Data   RW         6649    .data               objdict.o
    0x2000033c   COMPRESSED   0x0000000c   Data   RW         6650    .data               objdict.o
    0x20000348   COMPRESSED   0x00000001   Data   RW         6651    .data               objdict.o
    0x20000349   COMPRESSED   0x00000003   PAD
    0x2000034c   COMPRESSED   0x0000000c   Data   RW         6652    .data               objdict.o
    0x20000358   COMPRESSED   0x00000001   Data   RW         6653    .data               objdict.o
    0x20000359   COMPRESSED   0x00000003   PAD
    0x2000035c   COMPRESSED   0x00000004   Data   RW         6654    .data               objdict.o
    0x20000360   COMPRESSED   0x00000004   Data   RW         6657    .data               objdict.o
    0x20000364   COMPRESSED   0x00000008   Data   RW         6658    .data               objdict.o
    0x2000036c   COMPRESSED   0x0000000c   Data   RW         6659    .data               objdict.o
    0x20000378   COMPRESSED   0x00000004   Data   RW         6660    .data               objdict.o
    0x2000037c   COMPRESSED   0x0000000c   Data   RW         6661    .data               objdict.o
    0x20000388   COMPRESSED   0x00000002   Data   RW         6662    .data               objdict.o
    0x2000038a   COMPRESSED   0x00000001   Data   RW         6663    .data               objdict.o
    0x2000038b   COMPRESSED   0x00000001   Data   RW         6664    .data               objdict.o
    0x2000038c   COMPRESSED   0x00000004   Data   RW         6665    .data               objdict.o
    0x20000390   COMPRESSED   0x00000004   Data   RW         6666    .data               objdict.o
    0x20000394   COMPRESSED   0x00000004   Data   RW         6667    .data               objdict.o
    0x20000398   COMPRESSED   0x00000004   Data   RW         6668    .data               objdict.o
    0x2000039c   COMPRESSED   0x0000003c   Data   RW         6669    .data               objdict.o
    0x200003d8   COMPRESSED   0x00000001   Data   RW         6670    .data               objdict.o
    0x200003d9   COMPRESSED   0x00000003   PAD
    0x200003dc   COMPRESSED   0x00000004   Data   RW         6671    .data               objdict.o
    0x200003e0   COMPRESSED   0x00000004   Data   RW         6672    .data               objdict.o
    0x200003e4   COMPRESSED   0x00000004   Data   RW         6673    .data               objdict.o
    0x200003e8   COMPRESSED   0x00000004   Data   RW         6674    .data               objdict.o
    0x200003ec   COMPRESSED   0x0000003c   Data   RW         6675    .data               objdict.o
    0x20000428   COMPRESSED   0x00000004   Data   RW         6676    .data               objdict.o
    0x2000042c   COMPRESSED   0x0000000c   Data   RW         6677    .data               objdict.o
    0x20000438   COMPRESSED   0x00000001   Data   RW         6678    .data               objdict.o
    0x20000439   COMPRESSED   0x00000001   PAD
    0x2000043a   COMPRESSED   0x00000002   Data   RW         6679    .data               objdict.o
    0x2000043c   COMPRESSED   0x00000004   Data   RW         6680    .data               objdict.o
    0x20000440   COMPRESSED   0x00000018   Data   RW         6681    .data               objdict.o
    0x20000458   COMPRESSED   0x00000002   Data   RW         6682    .data               objdict.o
    0x2000045a   COMPRESSED   0x00000001   Data   RW         6683    .data               objdict.o
    0x2000045b   COMPRESSED   0x00000001   PAD
    0x2000045c   COMPRESSED   0x00000004   Data   RW         6684    .data               objdict.o
    0x20000460   COMPRESSED   0x00000004   Data   RW         6685    .data               objdict.o
    0x20000464   COMPRESSED   0x00000004   Data   RW         6686    .data               objdict.o
    0x20000468   COMPRESSED   0x00000004   Data   RW         6687    .data               objdict.o
    0x2000046c   COMPRESSED   0x0000003c   Data   RW         6688    .data               objdict.o
    0x200004a8   COMPRESSED   0x00000001   Data   RW         6689    .data               objdict.o
    0x200004a9   COMPRESSED   0x00000003   PAD
    0x200004ac   COMPRESSED   0x00000004   Data   RW         6690    .data               objdict.o
    0x200004b0   COMPRESSED   0x00000004   Data   RW         6691    .data               objdict.o
    0x200004b4   COMPRESSED   0x00000001   Data   RW         6692    .data               objdict.o
    0x200004b5   COMPRESSED   0x00000003   PAD
    0x200004b8   COMPRESSED   0x00000030   Data   RW         6693    .data               objdict.o
    0x200004e8   COMPRESSED   0x00000001   Data   RW         6694    .data               objdict.o
    0x200004e9   COMPRESSED   0x00000003   PAD
    0x200004ec   COMPRESSED   0x00000004   Data   RW         6695    .data               objdict.o
    0x200004f0   COMPRESSED   0x00000001   Data   RW         6696    .data               objdict.o
    0x200004f1   COMPRESSED   0x00000001   PAD
    0x200004f2   COMPRESSED   0x00000002   Data   RW         6697    .data               objdict.o
    0x200004f4   COMPRESSED   0x00000001   Data   RW         6698    .data               objdict.o
    0x200004f5   COMPRESSED   0x00000001   PAD
    0x200004f6   COMPRESSED   0x00000002   Data   RW         6699    .data               objdict.o
    0x200004f8   COMPRESSED   0x00000048   Data   RW         6700    .data               objdict.o
    0x20000540   COMPRESSED   0x00000001   Data   RW         6701    .data               objdict.o
    0x20000541   COMPRESSED   0x00000003   PAD
    0x20000544   COMPRESSED   0x00000004   Data   RW         6702    .data               objdict.o
    0x20000548   COMPRESSED   0x00000001   Data   RW         6703    .data               objdict.o
    0x20000549   COMPRESSED   0x00000001   PAD
    0x2000054a   COMPRESSED   0x00000002   Data   RW         6704    .data               objdict.o
    0x2000054c   COMPRESSED   0x00000001   Data   RW         6705    .data               objdict.o
    0x2000054d   COMPRESSED   0x00000003   PAD
    0x20000550   COMPRESSED   0x00000048   Data   RW         6707    .data               objdict.o
    0x20000598   COMPRESSED   0x00000001   Data   RW         6708    .data               objdict.o
    0x20000599   COMPRESSED   0x00000003   PAD
    0x2000059c   COMPRESSED   0x00000008   Data   RW         6709    .data               objdict.o
    0x200005a4   COMPRESSED   0x00000024   Data   RW         6710    .data               objdict.o
    0x200005c8   COMPRESSED   0x00000001   Data   RW         6711    .data               objdict.o
    0x200005c9   COMPRESSED   0x00000003   PAD
    0x200005cc   COMPRESSED   0x00000008   Data   RW         6712    .data               objdict.o
    0x200005d4   COMPRESSED   0x00000024   Data   RW         6713    .data               objdict.o
    0x200005f8   COMPRESSED   0x00000001   Data   RW         6714    .data               objdict.o
    0x200005f9   COMPRESSED   0x00000003   PAD
    0x200005fc   COMPRESSED   0x00000004   Data   RW         6715    .data               objdict.o
    0x20000600   COMPRESSED   0x00000001   Data   RW         6716    .data               objdict.o
    0x20000601   COMPRESSED   0x00000001   PAD
    0x20000602   COMPRESSED   0x00000002   Data   RW         6717    .data               objdict.o
    0x20000604   COMPRESSED   0x00000001   Data   RW         6718    .data               objdict.o
    0x20000605   COMPRESSED   0x00000001   PAD
    0x20000606   COMPRESSED   0x00000002   Data   RW         6719    .data               objdict.o
    0x20000608   COMPRESSED   0x00000048   Data   RW         6720    .data               objdict.o
    0x20000650   COMPRESSED   0x00000001   Data   RW         6721    .data               objdict.o
    0x20000651   COMPRESSED   0x00000003   PAD
    0x20000654   COMPRESSED   0x00000004   Data   RW         6722    .data               objdict.o
    0x20000658   COMPRESSED   0x00000001   Data   RW         6723    .data               objdict.o
    0x20000659   COMPRESSED   0x00000001   PAD
    0x2000065a   COMPRESSED   0x00000002   Data   RW         6724    .data               objdict.o
    0x2000065c   COMPRESSED   0x00000001   Data   RW         6725    .data               objdict.o
    0x2000065d   COMPRESSED   0x00000001   PAD
    0x2000065e   COMPRESSED   0x00000002   Data   RW         6726    .data               objdict.o
    0x20000660   COMPRESSED   0x00000048   Data   RW         6727    .data               objdict.o
    0x200006a8   COMPRESSED   0x00000001   Data   RW         6728    .data               objdict.o
    0x200006a9   COMPRESSED   0x00000003   PAD
    0x200006ac   COMPRESSED   0x00000008   Data   RW         6729    .data               objdict.o
    0x200006b4   COMPRESSED   0x00000030   Data   RW         6730    .data               objdict.o
    0x200006e4   COMPRESSED   0x00000001   Data   RW         6731    .data               objdict.o
    0x200006e5   COMPRESSED   0x00000003   PAD
    0x200006e8   COMPRESSED   0x00000008   Data   RW         6732    .data               objdict.o
    0x200006f0   COMPRESSED   0x00000030   Data   RW         6733    .data               objdict.o
    0x20000720   COMPRESSED   0x00000001   Data   RW         6734    .data               objdict.o
    0x20000721   COMPRESSED   0x00000003   PAD
    0x20000724   COMPRESSED   0x00000024   Data   RW         6735    .data               objdict.o
    0x20000748   COMPRESSED   0x00000001   Data   RW         6736    .data               objdict.o
    0x20000749   COMPRESSED   0x00000003   PAD
    0x2000074c   COMPRESSED   0x00000024   Data   RW         6737    .data               objdict.o
    0x20000770   COMPRESSED   0x00000001   Data   RW         6738    .data               objdict.o
    0x20000771   COMPRESSED   0x00000003   PAD
    0x20000774   COMPRESSED   0x00000024   Data   RW         6739    .data               objdict.o
    0x20000798   COMPRESSED   0x00000001   Data   RW         6740    .data               objdict.o
    0x20000799   COMPRESSED   0x00000003   PAD
    0x2000079c   COMPRESSED   0x00000030   Data   RW         6741    .data               objdict.o
    0x200007cc   COMPRESSED   0x00000024   Data   RW         6742    .data               objdict.o
    0x200007f0   COMPRESSED   0x0000023c   Data   RW         6743    .data               objdict.o
    0x20000a2c   COMPRESSED   0x00000008   Data   RW         7341    .data               timer.o
    0x20000a34   COMPRESSED   0x000003bc   Data   RW         7389    .data               canopen.o
    0x20000df0   COMPRESSED   0x00000004   Data   RW         7480    .data               debugserial.o
    0x20000df4   COMPRESSED   0x00000004   Data   RW         7481    .data               debugserial.o
    0x20000df8   COMPRESSED   0x00000008   Data   RW         7573    .data               hinson_cns_mgs.o
    0x20000e00   COMPRESSED   0x00000008   Data   RW         7574    .data               hinson_cns_mgs.o
    0x20000e08   COMPRESSED   0x00000008   Data   RW         7575    .data               hinson_cns_mgs.o
    0x20000e10   COMPRESSED   0x00000008   Data   RW         7581    .data               hinson_cns_mgs.o
    0x20000e18   COMPRESSED   0x00000008   Data   RW         7582    .data               hinson_cns_mgs.o
    0x20000e20   COMPRESSED   0x00000018   Data   RW         7703    .data               serial.o
    0x20000e38   COMPRESSED   0x0000000c   Data   RW         7779    .data               cantask.o
    0x20000e44   COMPRESSED   0x00000004   PAD
    0x20000e48   COMPRESSED   0x00000008   Data   RW         7857    .data               motiontask.o
    0x20000e50   COMPRESSED   0x00000008   Data   RW         7907    .data               rs485task.o
    0x20000e58   COMPRESSED   0x00000001   Data   RW         8007    .data               sysinittask.o
    0x20000e59   COMPRESSED   0x00000003   PAD
    0x20000e5c        -       0x00000028   Zero   RW          323    .bss                can.o
    0x20000e84        -       0x00000054   Zero   RW          389    .bss                i2c.o
    0x20000ed8        -       0x00000120   Zero   RW          437    .bss                tim.o
    0x20000ff8        -       0x00000514   Zero   RW          513    .bss                usart.o
    0x2000150c        -       0x00000040   Zero   RW         4187    .bss                queue.o
    0x2000154c        -       0x000004c4   Zero   RW         4611    .bss                tasks.o
    0x20001a10        -       0x00000118   Zero   RW         4942    .bss                timers.o
    0x20001b28        -       0x000006b8   Zero   RW         5166    .bss                cmsis_os2.o
    0x200021e0        -       0x00003c00   Zero   RW         5607    .bss                heap_4.o
    0x20005de0        -       0x000001f8   Zero   RW         5738    .bss                magneticsensor.o
    0x20005fd8        -       0x00000348   Zero   RW         5825    .bss                motor.o
    0x20006320        -       0x00000028   Zero   RW         5896    .bss                canfestival_can_stm32_freertos.o
    0x20006348        -       0x00000070   Zero   RW         6633    .bss                objdict.o
    0x200063b8        -       0x000000c0   Zero   RW         7340    .bss                timer.o
    0x20006478        -       0x000001d6   Zero   RW         7478    .bss                debugserial.o
    0x2000664e        -       0x0000b6d0   Zero   RW         7479    .bss                debugserial.o
    0x20011d1e        -       0x00000270   Zero   RW         7701    .bss                serial.o
    0x20011f8e        -       0x0000000c   Zero   RW         7777    .bss                cantask.o
    0x20011f9a        -       0x0000000c   Zero   RW         7778    .bss                cantask.o
    0x20011fa6   COMPRESSED   0x00000002   PAD
    0x20011fa8        -       0x00000048   Zero   RW         7856    .bss                motiontask.o
    0x20011ff0        -       0x00000040   Zero   RW         7903    .bss                rs485task.o
    0x20012030        -       0x00000132   Zero   RW         7905    .bss                rs485task.o
    0x20012162   COMPRESSED   0x00000002   PAD
    0x20012164        -       0x00000060   Zero   RW         8334    .bss                c_w.l(libspace.o)
    0x200121c4   COMPRESSED   0x00000004   PAD
    0x200121c8        -       0x00000200   Zero   RW            2    HEAP                startup_stm32f407xx.o
    0x200123c8        -       0x00000400   Zero   RW            1    STACK               startup_stm32f407xx.o


    Execution Region RW_IRAM2 (Exec base: 0x2001c000, Load base: 0x0800e53c, Size: 0x00000000, Max: 0x00004000, ABSOLUTE)

    **** No section assigned to this execution region ****


==============================================================================

Image component sizes


      Code (inc. data)   RO Data    RW Data    ZI Data      Debug   Object Name

       188         24          0          0         40       1665   can.o
       410        148          0         16         40      14741   canfestival_can_stm32_freertos.o
       392        188          0          8          0       5382   canfestival_timer_stm32_freertos.o
       866         12          0        956          0       9309   canopen.o
       312         84          0         12         24       2881   cantask.o
       692         22          0          4       1720      69252   cmsis_os2.o
       122         24          0          8      47270       4794   debugserial.o
       204          4          0          0          0        866   dma.o
       110          6          0          0          0       2880   emcy.o
         0          0          0          0          0      19500   event_groups.o
       348         48        921         92          0       3899   freertos.o
         0          0          0          4          0        226   globalvar.o
       280         20          0          0          0       1075   gpio.o
       472         24          0         32      15360       4847   heap_4.o
         0          0          0         40          0       2704   hinson_cns_mgs.o
       204         28          0          0         84       1669   i2c.o
        24          6          0          0          0        520   iso3082.o
       120         18          0          0          0       1567   led.o
        48         24          0          0          0        487   ledtask.o
       874         26          0          0          0      10316   lifegrd.o
       138          0          0          0          0       3526   list.o
      1916        160          2        184        504      13268   magneticsensor.o
       226          8          0          0          0     721940   main.o
       488        104          0          8         72       2845   motiontask.o
      2972        216         91        344        840      11285   motor.o
        72          0          0          0          0       1672   nmtmaster.o
       192          0          0          0          0       1458   nmtslave.o
       504         28          0          0          0       5158   objacces.o
       340         20        203       1743        112      10848   objdict.o
      1888         14          0          0          0      11702   pdo.o
       786         82          0         12          0      11413   port.o
      2152         24          0          0         64      23852   queue.o
        44         30          0          0          0        489   rs232task.o
       216         60          0          8        370       3475   rs485task.o
      5694         42          0          0          0      17883   sdo.o
         0          0          0          0          0        624   segger_rtt_printf.o
       672        374          0         24        624       3086   serial.o
        80         40          0          0          0        498   serialtask.o
        64         26        392          0       1536        836   startup_stm32f407xx.o
       856         26         64          0          0       7042   states.o
       144         24          0         12          0       8717   stm32f4xx_hal.o
      1658          6          0          0          0      14099   stm32f4xx_hal_can.o
       198         14          0          0          0      33931   stm32f4xx_hal_cortex.o
      1090         16          8          0          0       7857   stm32f4xx_hal_dma.o
       522         46          0          0          0       2805   stm32f4xx_hal_gpio.o
      3574         54          0          0          0      22545   stm32f4xx_hal_i2c.o
        56          4          0          0          0        850   stm32f4xx_hal_msp.o
      1344         72          0          0          0       5192   stm32f4xx_hal_rcc.o
      2258        136          0          0          0      17976   stm32f4xx_hal_tim.o
       148         28          0          0          0       2421   stm32f4xx_hal_tim_ex.o
      2134         30          0          0          0      15307   stm32f4xx_hal_uart.o
       312        132          0          0          0      14057   stm32f4xx_it.o
         0          0          0          0          0        448   stream_buffer.o
       248          8          0          0          0       5120   sync.o
       120         46          0          1          0        816   sysinittask.o
        16          4         24          4          0       1103   system_stm32f4xx.o
      2644        222          0         60       1220      31815   tasks.o
       812         72          0          0        288       5084   tim.o
       340         26          0          8        192       3838   timer.o
       972         80          0         20        280      32043   timers.o
      1328        102          0          0       1300       5408   usart.o
        44          4          0          0          0        520   watchdog.o
        48         28          0          0          0        504   watchdogtask.o

    ----------------------------------------------------------------------
     45068       3114       1748       3676      71944    1243936   Object Totals
         0          0         32          0          0          0   (incl. Generated)
        92          0         11         76          4          0   (incl. Padding)

    ----------------------------------------------------------------------

      Code (inc. data)   RO Data    RW Data    ZI Data      Debug   Library Member Name

        24          4          0          0          0         84   __2printf.o
        90          0          0          0          0          0   __dczerorl2.o
         8          0          0          0          0         68   __main.o
       392          4         17          0          0         92   __printf_flags_ss_wp.o
        14          0          0          0          0         68   __printf_wp.o
         0          0          0          0          0          0   __rtentry.o
        12          0          0          0          0          0   __rtentry2.o
         6          0          0          0          0          0   __rtentry4.o
        52          8          0          0          0          0   __scatter.o
        28          0          0          0          0          0   __scatter_zi.o
         6          0          0          0          0          0   _printf_a.o
         6          0          0          0          0          0   _printf_c.o
        44          0          0          0          0        108   _printf_char.o
        48          6          0          0          0         96   _printf_char_common.o
        36          4          0          0          0         80   _printf_char_file.o
        40          0          0          0          0         68   _printf_charcount.o
         6          0          0          0          0          0   _printf_d.o
       120         16          0          0          0         92   _printf_dec.o
         6          0          0          0          0          0   _printf_e.o
         6          0          0          0          0          0   _printf_f.o
      1054          0          0          0          0        216   _printf_fp_dec.o
       764          8         38          0          0        100   _printf_fp_hex.o
       128         16          0          0          0         84   _printf_fp_infnan.o
         6          0          0          0          0          0   _printf_g.o
       148          4         40          0          0        160   _printf_hex_int_ll_ptr.o
         6          0          0          0          0          0   _printf_i.o
       178          0          0          0          0         88   _printf_intcommon.o
        10          0          0          0          0          0   _printf_l.o
         6          0          0          0          0          0   _printf_lc.o
        10          0          0          0          0          0   _printf_ll.o
         6          0          0          0          0          0   _printf_lld.o
         6          0          0          0          0          0   _printf_lli.o
         6          0          0          0          0          0   _printf_llo.o
         6          0          0          0          0          0   _printf_llu.o
         6          0          0          0          0          0   _printf_llx.o
       124         16          0          0          0         92   _printf_longlong_dec.o
         6          0          0          0          0          0   _printf_ls.o
         6          0          0          0          0          0   _printf_n.o
         6          0          0          0          0          0   _printf_o.o
       112         10          0          0          0        124   _printf_oct_int_ll.o
         6          0          0          0          0          0   _printf_p.o
        78          0          0          0          0        108   _printf_pad.o
         0          0          0          0          0          0   _printf_percent.o
         4          0          0          0          0          0   _printf_percent_end.o
         6          0          0          0          0          0   _printf_s.o
        82          0          0          0          0         80   _printf_str.o
        36          0          0          0          0         84   _printf_truncate.o
         6          0          0          0          0          0   _printf_u.o
        44          0          0          0          0        108   _printf_wchar.o
       188          6          8          0          0         92   _printf_wctomb.o
         6          0          0          0          0          0   _printf_x.o
        10          0          0          0          0         68   _sputc.o
        64          0          0          0          0         92   _wcrtomb.o
        16          0          0          0          0         68   aeabi_memset.o
       228          4        148          0          0         96   bigflt0.o
      1936        128          0          0          0        672   btod.o
        18          0          0          0          0         80   exit.o
         8          0          0          0          0         68   ferror.o
         6          0          0          0          0        152   heapauxi.o
        44         10        272          0          0         76   lc_ctype_c.o
        44         10         28          0          0         76   lc_numeric_c.o
         2          0          0          0          0          0   libinit.o
        34          0          0          0          0          0   libinit2.o
         2          0          0          0          0          0   libshutdown.o
         2          0          0          0          0          0   libshutdown2.o
         8          4          0          0         96         68   libspace.o
       138          0          0          0          0         80   lludiv10.o
       238          0          0          0          0        100   lludivv7m.o
        88          0          0          0          0         76   memcmp.o
        16          4          0          0          0         76   rt_ctype_table.o
         8          4          0          0          0         68   rt_locale_intlibspace.o
        68          0          0          0          0         68   rt_memclr.o
        78          0          0          0          0         80   rt_memclr_w.o
       138          0          0          0          0         68   rt_memcpy_v6.o
       100          0          0          0          0         80   rt_memcpy_w.o
         2          0          0          0          0          0   rtexit.o
        10          0          0          0          0          0   rtexit2.o
       128          0          0          0          0         68   strcmpv7m.o
        86          0          0          0          0         76   strncpy.o
        74          0          0          0          0         80   sys_stackheap_outer.o
         2          0          0          0          0         68   use_no_semi.o
         2          0          0          0          0         68   use_no_semi_2.o
        36          4          0          0          0         76   vsprintf.o
        24          0          0          0          0        164   basic.o
       826         16          0          0          0        492   daddsub_clz.o
       310          8          0          0          0        228   dcmp4.o
        24          0          0          0          0        116   dcmpi.o
       688        140          0          0          0        256   ddiv.o
        94          4          0          0          0        140   dfix.o
        46          0          0          0          0        116   dflt_clz.o
       340         12          0          0          0        152   dmul.o
       156          4          0          0          0        140   dnaninf.o
        12          0          0          0          0        116   dretinf.o
        10          0          0          0          0        116   fpinit.o
         4          0          0          0          0        116   printf1.o
         4          0          0          0          0        116   printf2.o
         0          0          0          0          0          0   usenofp.o
       116          0          0          0          0        164   fmax.o
       116          0          0          0          0        164   fmin.o
        48          0          0          0          0        124   fpclassify.o

    ----------------------------------------------------------------------
     10468        454        556          0        100       7460   Library Totals
        22          0          5          0          4          0   (incl. Padding)

    ----------------------------------------------------------------------

      Code (inc. data)   RO Data    RW Data    ZI Data      Debug   Library Name

      7628        270        551          0         96       4740   c_w.l
      2538        184          0          0          0       2268   fz_wm.l
       280          0          0          0          0        452   m_wm.l

    ----------------------------------------------------------------------
     10468        454        556          0        100       7460   Library Totals

    ----------------------------------------------------------------------

==============================================================================


      Code (inc. data)   RO Data    RW Data    ZI Data      Debug   

     55536       3568       2304       3676      72044    1209044   Grand Totals
     55536       3568       2304        844      72044    1209044   ELF Image Totals (compressed)
     55536       3568       2304        844          0          0   ROM Totals

==============================================================================

    Total RO  Size (Code + RO Data)                57840 (  56.48kB)
    Total RW  Size (RW Data + ZI Data)             75720 (  73.95kB)
    Total ROM Size (Code + RO Data + RW Data)      58684 (  57.31kB)

==============================================================================

